Archive member included to satisfy reference by file (symbol)

../drivers\libIotLibrary.a(hih8120.o)
                              hih8120.o (hih8120_initialise)
../drivers\libIotLibrary.a(lora_driver.o)
                              UpLinkHandler.o (lora_driver_flushBuffers)
../drivers\libIotLibrary.a(lora_driver_utils.o)
                              ../drivers\libIotLibrary.a(lora_driver.o) (decode_port_no)
../drivers\libIotLibrary.a(mh_z19.o)
                              main.o (mh_z19_initialise)
../drivers\libIotLibrary.a(rc_servo.o)
                              WindowController.o (rc_servo_setPosition)
../drivers\libIotLibrary.a(serial.o)
                              ../drivers\libIotLibrary.a(lora_driver.o) (serial_create)
../drivers\libIotLibrary.a(stdio_driver.o)
                              main.o (stdio_initialise)
../drivers\libIotLibrary.a(status_leds.o)
                              main.o (status_leds_initialise)
../drivers\libIotLibrary.a(twi.o)
                              ../drivers\libIotLibrary.a(hih8120.o) (twiCreate)
../drivers\libIotLibrary.a(fifo.o)
                              ../drivers\libIotLibrary.a(serial.o) (fifo_init)
c:/program files (x86)/atmel/studio/7.0/toolchain/avr8/avr8-gnu-toolchain/bin/../lib/gcc/avr/5.4.0/../../../../avr/lib/avr6\libm.a(addsf3.o)
                              ../drivers\libIotLibrary.a(hih8120.o) (__subsf3)
c:/program files (x86)/atmel/studio/7.0/toolchain/avr8/avr8-gnu-toolchain/bin/../lib/gcc/avr/5.4.0/../../../../avr/lib/avr6\libm.a(addsf3x.o)
                              c:/program files (x86)/atmel/studio/7.0/toolchain/avr8/avr8-gnu-toolchain/bin/../lib/gcc/avr/5.4.0/../../../../avr/lib/avr6\libm.a(addsf3.o) (__addsf3x)
c:/program files (x86)/atmel/studio/7.0/toolchain/avr8/avr8-gnu-toolchain/bin/../lib/gcc/avr/5.4.0/../../../../avr/lib/avr6\libm.a(divsf3.o)
                              ../drivers\libIotLibrary.a(hih8120.o) (__divsf3)
c:/program files (x86)/atmel/studio/7.0/toolchain/avr8/avr8-gnu-toolchain/bin/../lib/gcc/avr/5.4.0/../../../../avr/lib/avr6\libm.a(divsf3x.o)
                              c:/program files (x86)/atmel/studio/7.0/toolchain/avr8/avr8-gnu-toolchain/bin/../lib/gcc/avr/5.4.0/../../../../avr/lib/avr6\libm.a(divsf3.o) (__divsf3x)
c:/program files (x86)/atmel/studio/7.0/toolchain/avr8/avr8-gnu-toolchain/bin/../lib/gcc/avr/5.4.0/../../../../avr/lib/avr6\libm.a(fixsfsi.o)
                              ../drivers\libIotLibrary.a(hih8120.o) (__fixsfsi)
c:/program files (x86)/atmel/studio/7.0/toolchain/avr8/avr8-gnu-toolchain/bin/../lib/gcc/avr/5.4.0/../../../../avr/lib/avr6\libm.a(fixunssfsi.o)
                              ../drivers\libIotLibrary.a(hih8120.o) (__fixunssfsi)
c:/program files (x86)/atmel/studio/7.0/toolchain/avr8/avr8-gnu-toolchain/bin/../lib/gcc/avr/5.4.0/../../../../avr/lib/avr6\libm.a(floatsisf.o)
                              ../drivers\libIotLibrary.a(hih8120.o) (__floatunsisf)
c:/program files (x86)/atmel/studio/7.0/toolchain/avr8/avr8-gnu-toolchain/bin/../lib/gcc/avr/5.4.0/../../../../avr/lib/avr6\libm.a(fp_inf.o)
                              c:/program files (x86)/atmel/studio/7.0/toolchain/avr8/avr8-gnu-toolchain/bin/../lib/gcc/avr/5.4.0/../../../../avr/lib/avr6\libm.a(addsf3x.o) (__fp_inf)
c:/program files (x86)/atmel/studio/7.0/toolchain/avr8/avr8-gnu-toolchain/bin/../lib/gcc/avr/5.4.0/../../../../avr/lib/avr6\libm.a(fp_nan.o)
                              c:/program files (x86)/atmel/studio/7.0/toolchain/avr8/avr8-gnu-toolchain/bin/../lib/gcc/avr/5.4.0/../../../../avr/lib/avr6\libm.a(addsf3x.o) (__fp_nan)
c:/program files (x86)/atmel/studio/7.0/toolchain/avr8/avr8-gnu-toolchain/bin/../lib/gcc/avr/5.4.0/../../../../avr/lib/avr6\libm.a(fp_pscA.o)
                              c:/program files (x86)/atmel/studio/7.0/toolchain/avr8/avr8-gnu-toolchain/bin/../lib/gcc/avr/5.4.0/../../../../avr/lib/avr6\libm.a(addsf3x.o) (__fp_pscA)
c:/program files (x86)/atmel/studio/7.0/toolchain/avr8/avr8-gnu-toolchain/bin/../lib/gcc/avr/5.4.0/../../../../avr/lib/avr6\libm.a(fp_pscB.o)
                              c:/program files (x86)/atmel/studio/7.0/toolchain/avr8/avr8-gnu-toolchain/bin/../lib/gcc/avr/5.4.0/../../../../avr/lib/avr6\libm.a(addsf3x.o) (__fp_pscB)
c:/program files (x86)/atmel/studio/7.0/toolchain/avr8/avr8-gnu-toolchain/bin/../lib/gcc/avr/5.4.0/../../../../avr/lib/avr6\libm.a(fp_round.o)
                              c:/program files (x86)/atmel/studio/7.0/toolchain/avr8/avr8-gnu-toolchain/bin/../lib/gcc/avr/5.4.0/../../../../avr/lib/avr6\libm.a(addsf3.o) (__fp_round)
c:/program files (x86)/atmel/studio/7.0/toolchain/avr8/avr8-gnu-toolchain/bin/../lib/gcc/avr/5.4.0/../../../../avr/lib/avr6\libm.a(fp_split3.o)
                              c:/program files (x86)/atmel/studio/7.0/toolchain/avr8/avr8-gnu-toolchain/bin/../lib/gcc/avr/5.4.0/../../../../avr/lib/avr6\libm.a(addsf3x.o) (__fp_split3)
[...]
Memory Configuration

Name             Origin             Length             Attributes
text             0x00000000         0x00040000         xr
data             0x00800200         0x00002000         rw !x
eeprom           0x00810000         0x00001000         rw !x
fuse             0x00820000         0x00000003         rw !x
lock             0x00830000         0x00000400         rw !x
signature        0x00840000         0x00000400         rw !x
user_signatures  0x00850000         0x00000400         rw !x
*default*        0x00000000         0xffffffff

Linker script and memory map

Address of section .data set to 0x800200
LOAD C:/Program Files (x86)/Atmel/Studio/7.0/Packs/atmel/ATmega_DFP/1.6.364/gcc/dev/atmega2560/avr6/crtatmega2560.o
LOAD Application.o
LOAD CO2Sensor.o
LOAD Configuration.o
LOAD DownLinkHandler.o
LOAD FreeRTOS/src/croutine.o
LOAD FreeRTOS/src/event_groups.o
LOAD FreeRTOS/src/heap_4.o
LOAD FreeRTOS/src/list.o
LOAD FreeRTOS/src/port.o
LOAD FreeRTOS/src/queue.o
LOAD FreeRTOS/src/stream_buffer.o
LOAD FreeRTOS/src/tasks.o
LOAD FreeRTOS/src/timers.o
LOAD FreeRTOS/src/variantHooks.o
LOAD hih8120.o
LOAD WindowController.o
LOAD main.o
LOAD SensorDataPackageHandler.o
LOAD UpLinkHandler.o
START GROUP
LOAD c:/program files (x86)/atmel/studio/7.0/toolchain/avr8/avr8-gnu-toolchain/bin/../lib/gcc/avr/5.4.0/../../../../avr/lib/avr6\libm.a
LOAD ../drivers\libIotLibrary.a
END GROUP
LOAD c:/program files (x86)/atmel/studio/7.0/toolchain/avr8/avr8-gnu-toolchain/bin/../lib/gcc/avr/5.4.0/../../../../avr/lib/avr6\libprintf_flt.a
START GROUP
LOAD c:/program files (x86)/atmel/studio/7.0/toolchain/avr8/avr8-gnu-toolchain/bin/../lib/gcc/avr/5.4.0/avr6\libgcc.a
LOAD c:/program files (x86)/atmel/studio/7.0/toolchain/avr8/avr8-gnu-toolchain/bin/../lib/gcc/avr/5.4.0/../../../../avr/lib/avr6\libm.a
LOAD c:/program files (x86)/atmel/studio/7.0/toolchain/avr8/avr8-gnu-toolchain/bin/../lib/gcc/avr/5.4.0/../../../../avr/lib/avr6\libc.a
LOAD C:/Program Files (x86)/Atmel/Studio/7.0/Packs/atmel/ATmega_DFP/1.6.364/gcc/dev/atmega2560/avr6\libatmega2560.a
END GROUP
                0x00000000                __TEXT_REGION_ORIGIN__ = DEFINED (__TEXT_REGION_ORIGIN__)?__TEXT_REGION_ORIGIN__:0x0
                [0x00800200]                __DATA_REGION_ORIGIN__ = DEFINED (__DATA_REGION_ORIGIN__)?__DATA_REGION_ORIGIN__:0x800200
                [0x00040000]                __TEXT_REGION_LENGTH__ = DEFINED (__TEXT_REGION_LENGTH__)?__TEXT_REGION_LENGTH__:0x100000
                [0x00002000]                __DATA_REGION_LENGTH__ = DEFINED (__DATA_REGION_LENGTH__)?__DATA_REGION_LENGTH__:0xfe00
                [0x00001000]                __EEPROM_REGION_LENGTH__ = DEFINED (__EEPROM_REGION_LENGTH__)?__EEPROM_REGION_LENGTH__:0x10000
                [0x00000003]                __FUSE_REGION_LENGTH__ = DEFINED (__FUSE_REGION_LENGTH__)?__FUSE_REGION_LENGTH__:0x400
                0x00000400                __LOCK_REGION_LENGTH__ = DEFINED (__LOCK_REGION_LENGTH__)?__LOCK_REGION_LENGTH__:0x400
                0x00000400                __SIGNATURE_REGION_LENGTH__ = DEFINED (__SIGNATURE_REGION_LENGTH__)?__SIGNATURE_REGION_LENGTH__:0x400
                0x00000400                __USER_SIGNATURE_REGION_LENGTH__ = DEFINED (__USER_SIGNATURE_REGION_LENGTH__)?__USER_SIGNATURE_REGION_LENGTH__:0x400

.hash
 *(.hash)

.dynsym
 *(.dynsym)

.dynstr
 *(.dynstr)

.gnu.version
 *(.gnu.version)

.gnu.version_d
 *(.gnu.version_d)

.gnu.version_r
 *(.gnu.version_r)

.rel.init
 *(.rel.init)

.rela.init
 *(.rela.init)

.rel.text
 *(.rel.text)
 *(.rel.text.*)
 *(.rel.gnu.linkonce.t*)

.rela.text
 *(.rela.text)
 *(.rela.text.*)
 *(.rela.gnu.linkonce.t*)

.rel.fini
 *(.rel.fini)

.rela.fini
 *(.rela.fini)

.rel.rodata
 *(.rel.rodata)
 *(.rel.rodata.*)
 *(.rel.gnu.linkonce.r*)

.rela.rodata
 *(.rela.rodata)
 *(.rela.rodata.*)
 *(.rela.gnu.linkonce.r*)

.rel.data
 *(.rel.data)
 *(.rel.data.*)
 *(.rel.gnu.linkonce.d*)

.rela.data
 *(.rela.data)
 *(.rela.data.*)
 *(.rela.gnu.linkonce.d*)

.rel.ctors
 *(.rel.ctors)

.rela.ctors
 *(.rela.ctors)

.rel.dtors
 *(.rel.dtors)

.rela.dtors
 *(.rela.dtors)

.rel.got
 *(.rel.got)

.rela.got
 *(.rela.got)

.rel.bss
 *(.rel.bss)

.rela.bss
 *(.rela.bss)

.rel.plt
 *(.rel.plt)

.rela.plt
 *(.rela.plt)

.text           0x00000000     0x6a9c
 *(.vectors)
 .vectors       0x00000000       0xe4 C:/Program Files (x86)/Atmel/Studio/7.0/Packs/atmel/ATmega_DFP/1.6.364/gcc/dev/atmega2560/avr6/crtatmega2560.o
                0x00000000                __vector_default
                0x00000000                __vectors
 *(.vectors)
 *(.progmem.gcc*)
 .progmem.gcc_sw_table.prvProcessReceivedCommands
                0x000000e4       0x14 FreeRTOS/src/timers.o
 .progmem.gcc_sw_table.__vector_39
                0x000000f8       0xa2 ../drivers\libIotLibrary.a(twi.o)
                0x0000019a                . = ALIGN (0x2)
                0x0000019a                __trampolines_start = .
 *(.trampolines)
 .trampolines   0x0000019a        0x0 linker stubs
 *(.trampolines*)
                0x0000019a                __trampolines_end = .
 *libprintf_flt.a:*(.progmem.data)
 .progmem.data  0x0000019a        0x8 c:/program files (x86)/atmel/studio/7.0/toolchain/avr8/avr8-gnu-toolchain/bin/../lib/gcc/avr/5.4.0/../../../../avr/lib/avr6\libprintf_flt.a(vfprintf_flt.o)
 *libc.a:*(.progmem.data)
 .progmem.data  0x000001a2       0xfa c:/program files (x86)/atmel/studio/7.0/toolchain/avr8/avr8-gnu-toolchain/bin/../lib/gcc/avr/5.4.0/../../../../avr/lib/avr6\libc.a(ftoa_engine.o)
 *(.progmem*)
                0x0000029c                . = ALIGN (0x2)
 *(.jumptables)
 *(.jumptables*)
 *(.lowtext)
 .lowtext       0x0000029c       0x14 FreeRTOS/src/tasks.o
 .lowtext       0x000002b0       0x1e FreeRTOS/src/timers.o
 *(.lowtext*)
                0x000002ce                __ctors_start = .
 *(.ctors)
                0x000002ce                __ctors_end = .
                0x000002ce                __dtors_start = .
 *(.dtors)
                0x000002ce                __dtors_end = .
 SORT(*)(.ctors)
 SORT(*)(.dtors)
 *(.init0)
 .init0         0x000002ce        0x0 C:/Program Files (x86)/Atmel/Studio/7.0/Packs/atmel/ATmega_DFP/1.6.364/gcc/dev/atmega2560/avr6/crtatmega2560.o
                0x000002ce                __init
 *(.init0)
 *(.init1)
 *(.init1)
 *(.init2)
 .init2         0x000002ce       0x10 C:/Program Files (x86)/Atmel/Studio/7.0/Packs/atmel/ATmega_DFP/1.6.364/gcc/dev/atmega2560/avr6/crtatmega2560.o
 *(.init2)
 *(.init3)
 *(.init3)
 *(.init4)
 .init4         0x000002de       0x1a c:/program files (x86)/atmel/studio/7.0/toolchain/avr8/avr8-gnu-toolchain/bin/../lib/gcc/avr/5.4.0/avr6\libgcc.a(_copy_data.o)
                0x000002de                __do_copy_data
 .init4         0x000002f8       0x10 c:/program files (x86)/atmel/studio/7.0/toolchain/avr8/avr8-gnu-toolchain/bin/../lib/gcc/avr/5.4.0/avr6\libgcc.a(_clear_bss.o)
                0x000002f8                __do_clear_bss
 *(.init4)
 *(.init5)
 *(.init5)
 *(.init6)
 *(.init6)
 *(.init7)
 *(.init7)
 *(.init8)
 *(.init8)
 *(.init9)
 .init9         0x00000308        0x8 C:/Program Files (x86)/Atmel/Studio/7.0/Packs/atmel/ATmega_DFP/1.6.364/gcc/dev/atmega2560/avr6/crtatmega2560.o
 *(.init9)
 *(.text)
 .text          0x00000310        0x2 C:/Program Files (x86)/Atmel/Studio/7.0/Packs/atmel/ATmega_DFP/1.6.364/gcc/dev/atmega2560/avr6/crtatmega2560.o
                0x00000310                __vector_38
                0x00000310                __vector_22
                0x00000310                __vector_28
                0x00000310                __vector_1
                0x00000310                __vector_32
                0x00000310                __vector_34
                0x00000310                __vector_24
                0x00000310                __vector_46
                0x00000310                __bad_interrupt
                0x00000310                __vector_6
                0x00000310                __vector_31
                0x00000310                __vector_35
                0x00000310                __vector_3
                0x00000310                __vector_23
                0x00000310                __vector_30
                0x00000310                __vector_45
                0x00000310                __vector_11
                0x00000310                __vector_13
                0x00000310                __vector_17
                0x00000310                __vector_19
                0x00000310                __vector_56
                0x00000310                __vector_7
                0x00000310                __vector_49
                0x00000310                __vector_41
                0x00000310                __vector_43
                0x00000310                __vector_27
                0x00000310                __vector_5
                0x00000310                __vector_33
                0x00000310                __vector_47
                0x00000310                __vector_4
                0x00000310                __vector_44
                0x00000310                __vector_9
                0x00000310                __vector_2
                0x00000310                __vector_21
                0x00000310                __vector_15
                0x00000310                __vector_29
                0x00000310                __vector_40
                0x00000310                __vector_8
                0x00000310                __vector_48
                0x00000310                __vector_14
                0x00000310                __vector_53
                0x00000310                __vector_10
                0x00000310                __vector_50
                0x00000310                __vector_16
                0x00000310                __vector_18
                0x00000310                __vector_20
                0x00000310                __vector_42
                0x00000312                . = ALIGN (0x2)
 *(.text.*)
 .text.Application_getEventGroup
                0x00000312        0xa Application.o
                0x00000312                Application_getEventGroup
 .text.Application_aFunctionToClearBits
                0x0000031c        0xc Application.o
                0x0000031c                Application_aFunctionToClearBits
 .text.Application_aFunctionToWaitBits
                0x00000328       0x7a Application.o
                0x00000328                Application_aFunctionToWaitBits
 .text.Application_handler_task
                0x000003a2       0x52 Application.o
                0x000003a2                Application_handler_task
 .text.Application_handler_initialise
                0x000003f4       0x28 Application.o
                0x000003f4                Application_handler_initialise
 .text.CO2Sensor_handler_initialise
                0x0000041c       0x28 CO2Sensor.o
                0x0000041c                CO2Sensor_handler_initialise
 .text.CO2Sensor_getCO2InUint16
                0x00000444        0xa CO2Sensor.o
                0x00000444                CO2Sensor_getCO2InUint16
 .text.CO2Sensor_aFunctionToSetBits
                0x0000044e        0xc CO2Sensor.o
                0x0000044e                CO2Sensor_aFunctionToSetBits
 .text.CO2Sensor_handler_task
                0x0000045a       0x78 CO2Sensor.o
                0x0000045a                CO2Sensor_handler_task
 .text.configuration_create
                0x000004d2       0x34 Configuration.o
                0x000004d2                configuration_create
 .text.configuration_set_windows_data
                0x00000506       0x32 Configuration.o
                0x00000506                configuration_set_windows_data
 .text.configuration_set_humidity_data
                0x00000538       0x32 Configuration.o
                0x00000538                configuration_set_humidity_data
 .text.get_mutex
                0x0000056a        0xa Configuration.o
                0x0000056a                get_mutex
 .text.DownLinkHandler_lora_handler_task
                0x00000574       0xb2 DownLinkHandler.o
                0x00000574                DownLinkHandler_lora_handler_task
 .text.DownLinkHandler_lora_handler_initialise
                0x00000626       0x30 DownLinkHandler.o
                0x00000626                DownLinkHandler_lora_handler_initialise
 .text.prvTestWaitCondition
                0x00000656       0x42 FreeRTOS/src/event_groups.o
 .text.xEventGroupCreate
                0x00000698       0x26 FreeRTOS/src/event_groups.o
                0x00000698                xEventGroupCreate
 .text.xEventGroupWaitBits
                0x000006be      0x140 FreeRTOS/src/event_groups.o
                0x000006be                xEventGroupWaitBits
 .text.xEventGroupClearBits
                0x000007fe       0x3a FreeRTOS/src/event_groups.o
                0x000007fe                xEventGroupClearBits
 .text.xEventGroupSetBits
                0x00000838      0x11c FreeRTOS/src/event_groups.o
                0x00000838                xEventGroupSetBits
 .text.prvHeapInit
                0x00000954       0x52 FreeRTOS/src/heap_4.o
 .text.prvInsertBlockIntoFreeList
                0x000009a6       0x94 FreeRTOS/src/heap_4.o
 .text.pvPortMalloc
                0x00000a3a      0x152 FreeRTOS/src/heap_4.o
                0x00000a3a                pvPortMalloc
 .text.vPortFree
                0x00000b8c       0x7a FreeRTOS/src/heap_4.o
                0x00000b8c                vPortFree
 .text.vListInitialise
                0x00000c06       0x22 FreeRTOS/src/list.o
                0x00000c06                vListInitialise
 .text.vListInitialiseItem
                0x00000c28        0x8 FreeRTOS/src/list.o
                0x00000c28                vListInitialiseItem
 .text.vListInsert
                0x00000c30       0x7a FreeRTOS/src/list.o
                0x00000c30                vListInsert
 .text.uxListRemove
                0x00000caa       0x4e FreeRTOS/src/list.o
                0x00000caa                uxListRemove
 .text.prvSetupTimerInterrupt
                0x00000cf8       0x18 FreeRTOS/src/port.o
 .text.pxPortInitialiseStack
                0x00000d10       0x2e FreeRTOS/src/port.o
                0x00000d10                pxPortInitialiseStack
 .text.xPortStartScheduler
                0x00000d3e       0x64 FreeRTOS/src/port.o
                0x00000d3e                xPortStartScheduler
 .text.vPortYield
                0x00000da2       0xc2 FreeRTOS/src/port.o
                0x00000da2                vPortYield
 .text.vPortYieldFromTick
                0x00000e64       0xca FreeRTOS/src/port.o
                0x00000e64                vPortYieldFromTick
 .text.__vector_12
                0x00000f2e        0x4 FreeRTOS/src/port.o
                0x00000f2e                __vector_12
 .text.prvIsQueueEmpty
                0x00000f32       0x1a FreeRTOS/src/queue.o
 .text.prvIsQueueFull
                0x00000f4c       0x1c FreeRTOS/src/queue.o
 .text.prvCopyDataToQueue
                0x00000f68       0xbe FreeRTOS/src/queue.o
 .text.prvCopyDataFromQueue
                0x00001026       0x34 FreeRTOS/src/queue.o
 .text.prvUnlockQueue
                0x0000105a       0x68 FreeRTOS/src/queue.o
 .text.xQueueGenericReset
                0x000010c2       0x86 FreeRTOS/src/queue.o
                0x000010c2                xQueueGenericReset
 .text.prvInitialiseNewQueue
                0x00001148       0x24 FreeRTOS/src/queue.o
 .text.xQueueGenericCreate
                0x0000116c       0x46 FreeRTOS/src/queue.o
                0x0000116c                xQueueGenericCreate
 .text.xQueueGenericSend
                0x000011b2      0x124 FreeRTOS/src/queue.o
                0x000011b2                xQueueGenericSend
 .text.prvInitialiseMutex
                0x000012d6       0x24 FreeRTOS/src/queue.o
 .text.xQueueCreateMutex
                0x000012fa       0x18 FreeRTOS/src/queue.o
                0x000012fa                xQueueCreateMutex
 .text.xQueueGenericSendFromISR
                0x00001312       0x76 FreeRTOS/src/queue.o
                0x00001312                xQueueGenericSendFromISR
 .text.xQueueReceive
                0x00001388      0x11e FreeRTOS/src/queue.o
                0x00001388                xQueueReceive
 .text.vQueueWaitForMessageRestricted
                0x000014a6       0x38 FreeRTOS/src/queue.o
                0x000014a6                vQueueWaitForMessageRestricted
 .text.prvBytesInBuffer
                0x000014de       0x26 FreeRTOS/src/stream_buffer.o
 .text.prvInitialiseNewStreamBuffer
                0x00001504       0x20 FreeRTOS/src/stream_buffer.o
 .text.prvWriteBytesToBuffer
                0x00001524       0x92 FreeRTOS/src/stream_buffer.o
 .text.prvWriteMessageToBuffer
                0x000015b6       0x86 FreeRTOS/src/stream_buffer.o
 .text.prvReadBytesFromBuffer
                0x0000163c       0x9e FreeRTOS/src/stream_buffer.o
 .text.prvReadMessageFromBuffer
                0x000016da       0x8a FreeRTOS/src/stream_buffer.o
 .text.xStreamBufferGenericCreate
                0x00001764       0x64 FreeRTOS/src/stream_buffer.o
                0x00001764                xStreamBufferGenericCreate
 .text.xStreamBufferReset
                0x000017c8       0x3c FreeRTOS/src/stream_buffer.o
                0x000017c8                xStreamBufferReset
 .text.xStreamBufferSpacesAvailable
                0x00001804       0x24 FreeRTOS/src/stream_buffer.o
                0x00001804                xStreamBufferSpacesAvailable
 .text.xStreamBufferSend
                0x00001828      0x18a FreeRTOS/src/stream_buffer.o
                0x00001828                xStreamBufferSend
 .text.xStreamBufferSendFromISR
                0x000019b2       0x88 FreeRTOS/src/stream_buffer.o
                0x000019b2                xStreamBufferSendFromISR
 .text.xStreamBufferReceive
                0x00001a3a      0x106 FreeRTOS/src/stream_buffer.o
                0x00001a3a                xStreamBufferReceive
 .text.prvResetNextTaskUnblockTime
                0x00001b40       0x4e FreeRTOS/src/tasks.o
 .text.prvDeleteTCB
                0x00001b8e       0x1a FreeRTOS/src/tasks.o
 .text.prvInitialiseNewTask
                0x00001ba8       0xfa FreeRTOS/src/tasks.o
 .text.prvInitialiseTaskLists
                0x00001ca2       0x60 FreeRTOS/src/tasks.o
 .text.prvAddNewTaskToReadyList
                0x00001d02       0xde FreeRTOS/src/tasks.o
 .text.prvCheckTasksWaitingTermination
                0x00001de0       0x4a FreeRTOS/src/tasks.o
 .text.prvAddCurrentTaskToDelayedList
                0x00001e2a      0x144 FreeRTOS/src/tasks.o
 .text.xTaskCreate
                0x00001f6e       0x98 FreeRTOS/src/tasks.o
                0x00001f6e                xTaskCreate
 .text.vTaskStartScheduler
                0x00002006       0x70 FreeRTOS/src/tasks.o
                0x00002006                vTaskStartScheduler
 .text.vTaskSuspendAll
                0x00002076        0xc FreeRTOS/src/tasks.o
                0x00002076                vTaskSuspendAll
 .text.xTaskGetTickCount
                0x00002082       0x1c FreeRTOS/src/tasks.o
                0x00002082                xTaskGetTickCount
 .text.xTaskIncrementTick
                0x0000209e      0x258 FreeRTOS/src/tasks.o
                0x0000209e                xTaskIncrementTick
 .text.xTaskResumeAll
                0x000022f6      0x1b8 FreeRTOS/src/tasks.o
                0x000022f6                xTaskResumeAll
 .text.xTaskDelayUntil
                0x000024ae       0xca FreeRTOS/src/tasks.o
                0x000024ae                xTaskDelayUntil
 .text.vTaskDelay
                0x00002578       0x36 FreeRTOS/src/tasks.o
                0x00002578                vTaskDelay
 .text.vTaskSwitchContext
                0x000025ae       0xca FreeRTOS/src/tasks.o
                0x000025ae                vTaskSwitchContext
 .text.vTaskPlaceOnEventList
                0x00002678       0x2e FreeRTOS/src/tasks.o
                0x00002678                vTaskPlaceOnEventList
 .text.vTaskPlaceOnUnorderedEventList
                0x000026a6       0x94 FreeRTOS/src/tasks.o
                0x000026a6                vTaskPlaceOnUnorderedEventList
 .text.vTaskPlaceOnEventListRestricted
                0x0000273a       0x84 FreeRTOS/src/tasks.o
                0x0000273a                vTaskPlaceOnEventListRestricted
 .text.xTaskRemoveFromEventList
                0x000027be      0x15e FreeRTOS/src/tasks.o
                0x000027be                xTaskRemoveFromEventList
 .text.vTaskRemoveFromUnorderedEventList
                0x0000291c      0x134 FreeRTOS/src/tasks.o
                0x0000291c                vTaskRemoveFromUnorderedEventList
 .text.vTaskSetTimeOutState
                0x00002a50       0x2c FreeRTOS/src/tasks.o
                0x00002a50                vTaskSetTimeOutState
 .text.vTaskInternalSetTimeOutState
                0x00002a7c       0x22 FreeRTOS/src/tasks.o
                0x00002a7c                vTaskInternalSetTimeOutState
 .text.xTaskCheckForTimeOut
                0x00002a9e       0xcc FreeRTOS/src/tasks.o
                0x00002a9e                xTaskCheckForTimeOut
 .text.vTaskMissedYield
                0x00002b6a        0x8 FreeRTOS/src/tasks.o
                0x00002b6a                vTaskMissedYield
 .text.xTaskGetCurrentTaskHandle
                0x00002b72        0xa FreeRTOS/src/tasks.o
                0x00002b72                xTaskGetCurrentTaskHandle
 .text.xTaskGetSchedulerState
                0x00002b7c       0x1c FreeRTOS/src/tasks.o
                0x00002b7c                xTaskGetSchedulerState
 .text.xTaskPriorityDisinherit
                0x00002b98       0xb6 FreeRTOS/src/tasks.o
                0x00002b98                xTaskPriorityDisinherit
 .text.uxTaskResetEventItemValue
                0x00002c4e       0x54 FreeRTOS/src/tasks.o
                0x00002c4e                uxTaskResetEventItemValue
 .text.xTaskGenericNotifyWait
                0x00002ca2      0x14e FreeRTOS/src/tasks.o
                0x00002ca2                xTaskGenericNotifyWait
 .text.xTaskGenericNotify
                0x00002df0      0x1ee FreeRTOS/src/tasks.o
                0x00002df0                xTaskGenericNotify
 .text.xTaskGenericNotifyFromISR
                0x00002fde      0x244 FreeRTOS/src/tasks.o
                0x00002fde                xTaskGenericNotifyFromISR
 .text.xTaskGenericNotifyStateClear
                0x00003222       0x34 FreeRTOS/src/tasks.o
                0x00003222                xTaskGenericNotifyStateClear
 .text.prvGetNextExpireTime
                0x00003256       0x30 FreeRTOS/src/timers.o
 .text.prvInsertTimerInActiveList
                0x00003286       0x92 FreeRTOS/src/timers.o
 .text.prvCheckForValidListAndQueue
                0x00003318       0x52 FreeRTOS/src/timers.o
 .text.xTimerCreateTimerTask
                0x0000336a       0x42 FreeRTOS/src/timers.o
                0x0000336a                xTimerCreateTimerTask
 .text.xTimerGenericCommand
                0x000033ac       0xbc FreeRTOS/src/timers.o
                0x000033ac                xTimerGenericCommand
 .text.prvSwitchTimerLists
                0x00003468       0xd0 FreeRTOS/src/timers.o
 .text.prvSampleTimeNow
                0x00003538       0x5c FreeRTOS/src/timers.o
 .text.prvProcessExpiredTimer
                0x00003594       0xac FreeRTOS/src/timers.o
 .text.prvProcessTimerOrBlockTask
                0x00003640       0xae FreeRTOS/src/timers.o
 .text.prvProcessReceivedCommands
                0x000036ee      0x168 FreeRTOS/src/timers.o
 .text.vApplicationIdleHook
                0x00003856        0x2 FreeRTOS/src/variantHooks.o
                0x00003856                vApplicationIdleHook
 .text.prvSetMainLedOn
                0x00003858        0xe FreeRTOS/src/variantHooks.o
                0x00003858                prvSetMainLedOn
 .text.prvBlinkMainLed
                0x00003866        0x8 FreeRTOS/src/variantHooks.o
                0x00003866                prvBlinkMainLed
 .text.vApplicationMallocFailedHook
                0x0000386e       0x18 FreeRTOS/src/variantHooks.o
                0x0000386e                vApplicationMallocFailedHook
 .text.vApplicationStackOverflowHook
                0x00003886       0x18 FreeRTOS/src/variantHooks.o
                0x00003886                vApplicationStackOverflowHook
 .text.hih8120_handler_initialise
                0x0000389e       0x46 hih8120.o
                0x0000389e                hih8120_handler_initialise
 .text.hih820_getHumidityInUint16
                0x000038e4       0x1e hih8120.o
                0x000038e4                hih820_getHumidityInUint16
 .text.hih820_getTemperatureInUint16
                0x00003902       0x14 hih8120.o
                0x00003902                hih820_getTemperatureInUint16
 .text.hih820_aFunctionToSetBits
                0x00003916        0xe hih8120.o
                0x00003916                hih820_aFunctionToSetBits
 .text.hih820_handler_task
                0x00003924       0x64 hih8120.o
                0x00003924                hih820_handler_task
 .text.create_semaphores
                0x00003988       0x34 main.o
                0x00003988                create_semaphores
 .text.main     0x000039bc       0x60 main.o
                0x000039bc                main
 .text.SensorDataPackageHandler_SetCO2
                0x00003a1c        0xa SensorDataPackageHandler.o
                0x00003a1c                SensorDataPackageHandler_SetCO2
 .text.SensorDataPackageHandler_SetHumidity
                0x00003a26        0xa SensorDataPackageHandler.o
                0x00003a26                SensorDataPackageHandler_SetHumidity
 .text.SensorDataPackageHandler_SetTemperature
                0x00003a30        0xa SensorDataPackageHandler.o
                0x00003a30                SensorDataPackageHandler_SetTemperature
 .text.SensorDataPackageHandler_getLoRaPayload
                0x00003a3a       0xae SensorDataPackageHandler.o
                0x00003a3a                SensorDataPackageHandler_getLoRaPayload
 .text._lora_setup
                0x00003ae8      0x170 UpLinkHandler.o
 .text.UpLinkHandler_lora_handler_task
                0x00003c58       0xa6 UpLinkHandler.o
                0x00003c58                UpLinkHandler_lora_handler_task
 .text.UpLinkHandler_lora_handler_initialise
                0x00003cfe       0x28 UpLinkHandler.o
                0x00003cfe                UpLinkHandler_lora_handler_initialise
 .text._hihTwiCallback
                0x00003d26       0x5a ../drivers\libIotLibrary.a(hih8120.o)
 .text.hih8120_initialise
                0x00003d80       0x30 ../drivers\libIotLibrary.a(hih8120.o)
                0x00003d80                hih8120_initialise
 .text.hih8120_wakeup
                0x00003db0       0x2a ../drivers\libIotLibrary.a(hih8120.o)
                0x00003db0                hih8120_wakeup
 .text.hih8120_measure
                0x00003dda       0x22 ../drivers\libIotLibrary.a(hih8120.o)
                0x00003dda                hih8120_measure
 .text.hih8120_getHumidity
                0x00003dfc       0x2a ../drivers\libIotLibrary.a(hih8120.o)
                0x00003dfc                hih8120_getHumidity
 .text.hih8120_getHumidityPercent_x10
                0x00003e26       0x16 ../drivers\libIotLibrary.a(hih8120.o)
                0x00003e26                hih8120_getHumidityPercent_x10
 .text.hih8120_getTemperature
                0x00003e3c       0x36 ../drivers\libIotLibrary.a(hih8120.o)
                0x00003e3c                hih8120_getTemperature
 .text.hih8120_getTemperature_x10
                0x00003e72       0x16 ../drivers\libIotLibrary.a(hih8120.o)
                0x00003e72                hih8120_getTemperature_x10
 .text._serialCallBack
                0x00003e88       0x8c ../drivers\libIotLibrary.a(lora_driver.o)
 .text._uploadMessage
                0x00003f14       0xb4 ../drivers\libIotLibrary.a(lora_driver.o)
 .text._reply2ReturnCode
                0x00003fc8       0xea ../drivers\libIotLibrary.a(lora_driver.o)
 .text._uploadMessageRc
                0x000040b2        0x6 ../drivers\libIotLibrary.a(lora_driver.o)
 .text.lora_driver_flushBuffers
                0x000040b8        0xe ../drivers\libIotLibrary.a(lora_driver.o)
                0x000040b8                lora_driver_flushBuffers
 .text.lora_driver_initialise
                0x000040c6       0x80 ../drivers\libIotLibrary.a(lora_driver.o)
                0x000040c6                lora_driver_initialise
 .text.lora_driver_resetRn2483
                0x00004146       0x1c ../drivers\libIotLibrary.a(lora_driver.o)
                0x00004146                lora_driver_resetRn2483
 .text.lora_driver_rn2483FactoryReset
                0x00004162       0x24 ../drivers\libIotLibrary.a(lora_driver.o)
                0x00004162                lora_driver_rn2483FactoryReset
 .text.lora_driver_getRn2483Hweui
                0x00004186       0x38 ../drivers\libIotLibrary.a(lora_driver.o)
                0x00004186                lora_driver_getRn2483Hweui
 .text.lora_driver_setDeviceIdentifier
                0x000041be       0x22 ../drivers\libIotLibrary.a(lora_driver.o)
                0x000041be                lora_driver_setDeviceIdentifier
 .text.lora_driver_setApplicationIdentifier
                0x000041e0       0x22 ../drivers\libIotLibrary.a(lora_driver.o)
                0x000041e0                lora_driver_setApplicationIdentifier
 .text.lora_driver_setApplicationKey
                0x00004202       0x22 ../drivers\libIotLibrary.a(lora_driver.o)
                0x00004202                lora_driver_setApplicationKey
 .text.lora_driver_saveMac
                0x00004224        0xc ../drivers\libIotLibrary.a(lora_driver.o)
                0x00004224                lora_driver_saveMac
 .text.lora_driver_join
                0x00004230       0x52 ../drivers\libIotLibrary.a(lora_driver.o)
                0x00004230                lora_driver_join
 .text.lora_driver_sendUploadMessage
                0x00004282      0x196 ../drivers\libIotLibrary.a(lora_driver.o)
                0x00004282                lora_driver_sendUploadMessage
 .text.lora_driver_setAdaptiveDataRate
                0x00004418       0x16 ../drivers\libIotLibrary.a(lora_driver.o)
                0x00004418                lora_driver_setAdaptiveDataRate
 .text.lora_driver_setReceiveDelay
                0x0000442e       0x30 ../drivers\libIotLibrary.a(lora_driver.o)
                0x0000442e                lora_driver_setReceiveDelay
 .text.lora_driver_configureToEu868
                0x0000445e      0x1bc ../drivers\libIotLibrary.a(lora_driver.o)
                0x0000445e                lora_driver_configureToEu868
 .text.lora_driver_setOtaaIdentity
                0x0000461a       0x42 ../drivers\libIotLibrary.a(lora_driver.o)
                0x0000461a                lora_driver_setOtaaIdentity
 .text.lora_driver_mapReturnCodeToText
                0x0000465c       0x18 ../drivers\libIotLibrary.a(lora_driver.o)
                0x0000465c                lora_driver_mapReturnCodeToText
 .text.decode_port_no
                0x00004674       0x58 ../drivers\libIotLibrary.a(lora_driver_utils.o)
                0x00004674                decode_port_no
 .text.decode_hexadecimal_string_bytes
                0x000046cc       0x92 ../drivers\libIotLibrary.a(lora_driver_utils.o)
                0x000046cc                decode_hexadecimal_string_bytes
 .text._serialCallBack
                0x0000475e       0xb6 ../drivers\libIotLibrary.a(mh_z19.o)
 .text.mh_z19_initialise
                0x00004814       0x4a ../drivers\libIotLibrary.a(mh_z19.o)
                0x00004814                mh_z19_initialise
 .text.mh_z19_injectCallBack
                0x0000485e        0xa ../drivers\libIotLibrary.a(mh_z19.o)
                0x0000485e                mh_z19_injectCallBack
 .text.mh_z19_takeMeassuring
                0x00004868       0x5e ../drivers\libIotLibrary.a(mh_z19.o)
                0x00004868                mh_z19_takeMeassuring
 .text.mh_z19_getCo2Ppm
                0x000048c6       0x22 ../drivers\libIotLibrary.a(mh_z19.o)
                0x000048c6                mh_z19_getCo2Ppm
 .text.rc_servo_setPosition
                0x000048e8       0x30 ../drivers\libIotLibrary.a(rc_servo.o)
                0x000048e8                rc_servo_setPosition
 .text.rc_servo_initialise
                0x00004918       0x38 ../drivers\libIotLibrary.a(rc_servo.o)
                0x00004918                rc_servo_initialise
 .text.serial_create
                0x00004950      0x144 ../drivers\libIotLibrary.a(serial.o)
                0x00004950                serial_create
 .text.serial_sendByte
                0x00004a94       0x56 ../drivers\libIotLibrary.a(serial.o)
                0x00004a94                serial_sendByte
 .text.serial_sendBytes
                0x00004aea       0xaa ../drivers\libIotLibrary.a(serial.o)
                0x00004aea                serial_sendBytes
 .text.serial_getByte
                0x00004b94       0x40 ../drivers\libIotLibrary.a(serial.o)
                0x00004b94                serial_getByte
 .text.__vector_25
                0x00004bd4       0xa4 ../drivers\libIotLibrary.a(serial.o)
                0x00004bd4                __vector_25
 .text.__vector_26
                0x00004c78       0x88 ../drivers\libIotLibrary.a(serial.o)
                0x00004c78                __vector_26
 .text.__vector_36
                0x00004d00       0xa4 ../drivers\libIotLibrary.a(serial.o)
                0x00004d00                __vector_36
 .text.__vector_37
                0x00004da4       0x88 ../drivers\libIotLibrary.a(serial.o)
                0x00004da4                __vector_37
 .text.__vector_51
                0x00004e2c       0xa4 ../drivers\libIotLibrary.a(serial.o)
                0x00004e2c                __vector_51
 .text.__vector_52
                0x00004ed0       0x88 ../drivers\libIotLibrary.a(serial.o)
                0x00004ed0                __vector_52
 .text.__vector_54
                0x00004f58       0xa4 ../drivers\libIotLibrary.a(serial.o)
                0x00004f58                __vector_54
 .text.__vector_55
                0x00004ffc       0x88 ../drivers\libIotLibrary.a(serial.o)
                0x00004ffc                __vector_55
 .text.usart_getchar
                0x00005084       0x2a ../drivers\libIotLibrary.a(stdio_driver.o)
 .text.usart_putchar
                0x000050ae       0x12 ../drivers\libIotLibrary.a(stdio_driver.o)
 .text.stdio_initialise
                0x000050c0       0x52 ../drivers\libIotLibrary.a(stdio_driver.o)
                0x000050c0                stdio_initialise
 .text._turn_off
                0x00005112       0x98 ../drivers\libIotLibrary.a(status_leds.o)
 .text._turn_on
                0x000051aa       0x98 ../drivers\libIotLibrary.a(status_leds.o)
 .text._hal_led_task
                0x00005242       0x8c ../drivers\libIotLibrary.a(status_leds.o)
 .text.status_leds_initialise
                0x000052ce       0x9c ../drivers\libIotLibrary.a(status_leds.o)
                0x000052ce                status_leds_initialise
 .text.status_leds_slowBlink
                0x0000536a       0x46 ../drivers\libIotLibrary.a(status_leds.o)
                0x0000536a                status_leds_slowBlink
 .text.status_leds_fastBlink
                0x000053b0       0x46 ../drivers\libIotLibrary.a(status_leds.o)
                0x000053b0                status_leds_fastBlink
 .text.status_leds_ledOn
                0x000053f6       0x1e ../drivers\libIotLibrary.a(status_leds.o)
                0x000053f6                status_leds_ledOn
 .text.status_leds_ledOff
                0x00005414       0x1e ../drivers\libIotLibrary.a(status_leds.o)
                0x00005414                status_leds_ledOff
 .text.status_leds_longPuls
                0x00005432       0x24 ../drivers\libIotLibrary.a(status_leds.o)
                0x00005432                status_leds_longPuls
 .text.status_leds_shortPuls
                0x00005456       0x24 ../drivers\libIotLibrary.a(status_leds.o)
                0x00005456                status_leds_shortPuls
 .text._initTwiInterface
                0x0000547a       0x22 ../drivers\libIotLibrary.a(twi.o)
 .text.twiCreate
                0x0000549c       0x9a ../drivers\libIotLibrary.a(twi.o)
                0x0000549c                twiCreate
 .text.twiIsBusy
                0x00005536        0x8 ../drivers\libIotLibrary.a(twi.o)
                0x00005536                twiIsBusy
 .text.twiTransmit
                0x0000553e       0x98 ../drivers\libIotLibrary.a(twi.o)
                0x0000553e                twiTransmit
 .text.twiReceive
                0x000055d6       0x66 ../drivers\libIotLibrary.a(twi.o)
                0x000055d6                twiReceive
 .text.__vector_39
                0x0000563c      0x17a ../drivers\libIotLibrary.a(twi.o)
                0x0000563c                __vector_39
 .text.fifo_init
                0x000057b6       0x38 ../drivers\libIotLibrary.a(fifo.o)
                0x000057b6                fifo_init
 .text.avr-libc.fplib
                0x000057ee        0xa c:/program files (x86)/atmel/studio/7.0/toolchain/avr8/avr8-gnu-toolchain/bin/../lib/gcc/avr/5.4.0/../../../../avr/lib/avr6\libm.a(addsf3.o)
                0x000057ee                __subsf3
                0x000057f0                __addsf3
 .text.avr-libc.fplib
                0x000057f8       0xc0 c:/program files (x86)/atmel/studio/7.0/toolchain/avr8/avr8-gnu-toolchain/bin/../lib/gcc/avr/5.4.0/../../../../avr/lib/avr6\libm.a(addsf3x.o)
                0x00005812                __addsf3x
 .text.avr-libc.fplib
                0x000058b8        0x4 c:/program files (x86)/atmel/studio/7.0/toolchain/avr8/avr8-gnu-toolchain/bin/../lib/gcc/avr/5.4.0/../../../../avr/lib/avr6\libm.a(divsf3.o)
                0x000058b8                __divsf3
 .text.avr-libc.fplib
                0x000058bc       0xcc c:/program files (x86)/atmel/studio/7.0/toolchain/avr8/avr8-gnu-toolchain/bin/../lib/gcc/avr/5.4.0/../../../../avr/lib/avr6\libm.a(divsf3x.o)
                0x000058d2                __divsf3x
                0x000058d6                __divsf3_pse
 .text.avr-libc.fplib
                0x00005988        0xa c:/program files (x86)/atmel/studio/7.0/toolchain/avr8/avr8-gnu-toolchain/bin/../lib/gcc/avr/5.4.0/../../../../avr/lib/avr6\libm.a(fixsfsi.o)
                0x00005988                __fixsfsi
 .text.avr-libc.fplib
                0x00005992       0x58 c:/program files (x86)/atmel/studio/7.0/toolchain/avr8/avr8-gnu-toolchain/bin/../lib/gcc/avr/5.4.0/../../../../avr/lib/avr6\libm.a(fixunssfsi.o)
                0x00005992                __fixunssfsi
 .text.avr-libc.fplib
                0x000059ea       0x7a c:/program files (x86)/atmel/studio/7.0/toolchain/avr8/avr8-gnu-toolchain/bin/../lib/gcc/avr/5.4.0/../../../../avr/lib/avr6\libm.a(floatsisf.o)
                0x000059ea                __floatunsisf
                0x000059ee                __floatsisf
 .text.avr-libc.fplib
                0x00005a64        0xc c:/program files (x86)/atmel/studio/7.0/toolchain/avr8/avr8-gnu-toolchain/bin/../lib/gcc/avr/5.4.0/../../../../avr/lib/avr6\libm.a(fp_inf.o)
                0x00005a64                __fp_inf
 .text.avr-libc.fplib
                0x00005a70        0x6 c:/program files (x86)/atmel/studio/7.0/toolchain/avr8/avr8-gnu-toolchain/bin/../lib/gcc/avr/5.4.0/../../../../avr/lib/avr6\libm.a(fp_nan.o)
                0x00005a70                __fp_nan
 .text.avr-libc.fplib
                0x00005a76        0xe c:/program files (x86)/atmel/studio/7.0/toolchain/avr8/avr8-gnu-toolchain/bin/../lib/gcc/avr/5.4.0/../../../../avr/lib/avr6\libm.a(fp_pscA.o)
                0x00005a76                __fp_pscA
 .text.avr-libc.fplib
                0x00005a84        0xe c:/program files (x86)/atmel/studio/7.0/toolchain/avr8/avr8-gnu-toolchain/bin/../lib/gcc/avr/5.4.0/../../../../avr/lib/avr6\libm.a(fp_pscB.o)
                0x00005a84                __fp_pscB
 .text.avr-libc.fplib
                0x00005a92       0x22 c:/program files (x86)/atmel/studio/7.0/toolchain/avr8/avr8-gnu-toolchain/bin/../lib/gcc/avr/5.4.0/../../../../avr/lib/avr6\libm.a(fp_round.o)
                0x00005a92                __fp_round
 .text.avr-libc.fplib
                0x00005ab4       0x44 c:/program files (x86)/atmel/studio/7.0/toolchain/avr8/avr8-gnu-toolchain/bin/../lib/gcc/avr/5.4.0/../../../../avr/lib/avr6\libm.a(fp_split3.o)
                0x00005ab4                __fp_split3
                0x00005ac4                __fp_splitA
 .text.avr-libc.fplib
                0x00005af8        0xe c:/program files (x86)/atmel/studio/7.0/toolchain/avr8/avr8-gnu-toolchain/bin/../lib/gcc/avr/5.4.0/../../../../avr/lib/avr6\libm.a(fp_zero.o)
                0x00005af8                __fp_zero
                0x00005afa                __fp_szero
 .text.avr-libc.fplib
                0x00005b06        0x4 c:/program files (x86)/atmel/studio/7.0/toolchain/avr8/avr8-gnu-toolchain/bin/../lib/gcc/avr/5.4.0/../../../../avr/lib/avr6\libm.a(mulsf3.o)
                0x00005b06                __mulsf3
 .text.avr-libc.fplib
                0x00005b0a       0xc2 c:/program files (x86)/atmel/studio/7.0/toolchain/avr8/avr8-gnu-toolchain/bin/../lib/gcc/avr/5.4.0/../../../../avr/lib/avr6\libm.a(mulsf3x.o)
                0x00005b1e                __mulsf3x
                0x00005b22                __mulsf3_pse
 .text.avr-libc
                0x00005bcc      0x712 c:/program files (x86)/atmel/studio/7.0/toolchain/avr8/avr8-gnu-toolchain/bin/../lib/gcc/avr/5.4.0/../../../../avr/lib/avr6\libprintf_flt.a(vfprintf_flt.o)
                0x00005bcc                vfprintf
 .text.libgcc.div
                0x000062de       0x26 c:/program files (x86)/atmel/studio/7.0/toolchain/avr8/avr8-gnu-toolchain/bin/../lib/gcc/avr/5.4.0/avr6\libgcc.a(_divmodhi4.o)
                0x000062de                _div
                0x000062de                __divmodhi4
 .text.libgcc.div
                0x00006304       0x44 c:/program files (x86)/atmel/studio/7.0/toolchain/avr8/avr8-gnu-toolchain/bin/../lib/gcc/avr/5.4.0/avr6\libgcc.a(_udivmodsi4.o)
                0x00006304                __udivmodsi4
 .text.libgcc   0x00006348       0x10 c:/program files (x86)/atmel/studio/7.0/toolchain/avr8/avr8-gnu-toolchain/bin/../lib/gcc/avr/5.4.0/avr6\libgcc.a(_tablejump2.o)
                0x00006348                __tablejump2__
 .text.libgcc.mul
                0x00006358       0x1e c:/program files (x86)/atmel/studio/7.0/toolchain/avr8/avr8-gnu-toolchain/bin/../lib/gcc/avr/5.4.0/avr6\libgcc.a(_umulhisi3.o)
                0x00006358                __umulhisi3
 .text.libgcc.div
                0x00006376       0x28 c:/program files (x86)/atmel/studio/7.0/toolchain/avr8/avr8-gnu-toolchain/bin/../lib/gcc/avr/5.4.0/avr6\libgcc.a(_udivmodhi4.o)
                0x00006376                __udivmodhi4
 .text.avr-libc
                0x0000639e      0x242 c:/program files (x86)/atmel/studio/7.0/toolchain/avr8/avr8-gnu-toolchain/bin/../lib/gcc/avr/5.4.0/../../../../avr/lib/avr6\libc.a(malloc.o)
                0x0000639e                malloc
                0x000064ce                free
 .text.avr-libc
                0x000065e0        0x8 c:/program files (x86)/atmel/studio/7.0/toolchain/avr8/avr8-gnu-toolchain/bin/../lib/gcc/avr/5.4.0/../../../../avr/lib/avr6\libc.a(abort.o)
                0x000065e0                abort
 .text.avr-libc
                0x000065e8      0x1b0 c:/program files (x86)/atmel/studio/7.0/toolchain/avr8/avr8-gnu-toolchain/bin/../lib/gcc/avr/5.4.0/../../../../avr/lib/avr6\libc.a(ftoa_engine.o)
                0x000065e8                __ftoa_engine
 .text.avr-libc
                0x00006798       0x16 c:/program files (x86)/atmel/studio/7.0/toolchain/avr8/avr8-gnu-toolchain/bin/../lib/gcc/avr/5.4.0/../../../../avr/lib/avr6\libc.a(strnlen_P.o)
                0x00006798                strnlen_P
 .text.avr-libc
                0x000067ae       0x12 c:/program files (x86)/atmel/studio/7.0/toolchain/avr8/avr8-gnu-toolchain/bin/../lib/gcc/avr/5.4.0/../../../../avr/lib/avr6\libc.a(memcpy.o)
                0x000067ae                memcpy
 .text.avr-libc
                0x000067c0        0xe c:/program files (x86)/atmel/studio/7.0/toolchain/avr8/avr8-gnu-toolchain/bin/../lib/gcc/avr/5.4.0/../../../../avr/lib/avr6\libc.a(memset.o)
                0x000067c0                memset
 .text.avr-libc
                0x000067ce       0x4a c:/program files (x86)/atmel/studio/7.0/toolchain/avr8/avr8-gnu-toolchain/bin/../lib/gcc/avr/5.4.0/../../../../avr/lib/avr6\libc.a(strcasestr.o)
                0x000067ce                strcasestr
 .text.avr-libc
                0x00006818       0x16 c:/program files (x86)/atmel/studio/7.0/toolchain/avr8/avr8-gnu-toolchain/bin/../lib/gcc/avr/5.4.0/../../../../avr/lib/avr6\libc.a(strcat.o)
                0x00006818                strcat
 .text.avr-libc
                0x0000682e        0xe c:/program files (x86)/atmel/studio/7.0/toolchain/avr8/avr8-gnu-toolchain/bin/../lib/gcc/avr/5.4.0/../../../../avr/lib/avr6\libc.a(strcpy.o)
                0x0000682e                strcpy
 .text.avr-libc
                0x0000683c       0x30 c:/program files (x86)/atmel/studio/7.0/toolchain/avr8/avr8-gnu-toolchain/bin/../lib/gcc/avr/5.4.0/../../../../avr/lib/avr6\libc.a(strncasecmp.o)
                0x0000683c                strncasecmp
 .text.avr-libc
                0x0000686c       0x16 c:/program files (x86)/atmel/studio/7.0/toolchain/avr8/avr8-gnu-toolchain/bin/../lib/gcc/avr/5.4.0/../../../../avr/lib/avr6\libc.a(strnlen.o)
                0x0000686c                strnlen
 .text.avr-libc
                0x00006882       0x78 c:/program files (x86)/atmel/studio/7.0/toolchain/avr8/avr8-gnu-toolchain/bin/../lib/gcc/avr/5.4.0/../../../../avr/lib/avr6\libc.a(fputc.o)
                0x00006882                fputc
 .text.avr-libc
                0x000068fa       0x26 c:/program files (x86)/atmel/studio/7.0/toolchain/avr8/avr8-gnu-toolchain/bin/../lib/gcc/avr/5.4.0/../../../../avr/lib/avr6\libc.a(printf.o)
                0x000068fa                printf
 .text.avr-libc
                0x00006920       0x60 c:/program files (x86)/atmel/studio/7.0/toolchain/avr8/avr8-gnu-toolchain/bin/../lib/gcc/avr/5.4.0/../../../../avr/lib/avr6\libc.a(puts.o)
                0x00006920                puts
 .text.avr-libc
                0x00006980       0x5c c:/program files (x86)/atmel/studio/7.0/toolchain/avr8/avr8-gnu-toolchain/bin/../lib/gcc/avr/5.4.0/../../../../avr/lib/avr6\libc.a(sprintf.o)
                0x00006980                sprintf
 .text.avr-libc
                0x000069dc       0xbc c:/program files (x86)/atmel/studio/7.0/toolchain/avr8/avr8-gnu-toolchain/bin/../lib/gcc/avr/5.4.0/../../../../avr/lib/avr6\libc.a(ultoa_invert.o)
                0x000069dc                __ultoa_invert
                0x00006a98                . = ALIGN (0x2)
 *(.fini9)
 .fini9         0x00006a98        0x0 c:/program files (x86)/atmel/studio/7.0/toolchain/avr8/avr8-gnu-toolchain/bin/../lib/gcc/avr/5.4.0/avr6\libgcc.a(_exit.o)
                0x00006a98                _exit
                0x00006a98                exit
 *(.fini9)
 *(.fini8)
 *(.fini8)
 *(.fini7)
 *(.fini7)
 *(.fini6)
 *(.fini6)
 *(.fini5)
 *(.fini5)
 *(.fini4)
 *(.fini4)
 *(.fini3)
 *(.fini3)
 *(.fini2)
 *(.fini2)
 *(.fini1)
 *(.fini1)
 *(.fini0)
 .fini0         0x00006a98        0x4 c:/program files (x86)/atmel/studio/7.0/toolchain/avr8/avr8-gnu-toolchain/bin/../lib/gcc/avr/5.4.0/avr6\libgcc.a(_exit.o)
 *(.fini0)
                0x00006a9c                _etext = .

.data           0x00800200      0x65c load address 0x00006a9c
                0x00800200                PROVIDE (__data_start, .)
 *(.data)
 .data          0x00800200        0x6 c:/program files (x86)/atmel/studio/7.0/toolchain/avr8/avr8-gnu-toolchain/bin/../lib/gcc/avr/5.4.0/../../../../avr/lib/avr6\libc.a(malloc.o)
                0x00800200                __malloc_heap_end
                0x00800202                __malloc_heap_start
                0x00800204                __malloc_margin
 *(.data*)
 .data.uxTopUsedPriority
                0x00800206        0x1 FreeRTOS/src/tasks.o
                0x00800206                uxTopUsedPriority
 .data._temp    0x00800207        0x2 ../drivers\libIotLibrary.a(hih8120.o)
 .data._hum     0x00800209        0x2 ../drivers\libIotLibrary.a(hih8120.o)
 .data._com_port_2_udr
                0x0080020b        0x8 ../drivers\libIotLibrary.a(serial.o)
                0x0080020b                _com_port_2_udr
 .data.mystdout.1882
                0x00800213        0xe ../drivers\libIotLibrary.a(stdio_driver.o)
 .data._twiCurrentState
                0x00800221        0x1 ../drivers\libIotLibrary.a(twi.o)
 *(.gnu.linkonce.d*)
 *(.rodata)
 .rodata        0x00800222       0x20 ../drivers\libIotLibrary.a(lora_driver.o)
 .rodata        0x00800242       0x2d ../drivers\libIotLibrary.a(mh_z19.o)
 *(.rodata*)
 .rodata.str1.1
                0x0080026f       0x40 Application.o
 .rodata.str1.1
                0x008002af       0x24 CO2Sensor.o
 .rodata.str1.1
                0x008002d3       0x33 Configuration.o
 .rodata.str1.1
                0x00800306       0x82 DownLinkHandler.o
 .rodata.str1.1
                0x00800388        0x5 FreeRTOS/src/tasks.o
 .rodata.str1.1
                0x0080038d        0x8 FreeRTOS/src/timers.o
 .rodata.str1.1
                0x00800395        0xf hih8120.o
 .rodata.str1.1
                0x008003a4       0x12 main.o
 .rodata.str1.1
                0x008003b6       0x7b SensorDataPackageHandler.o
 .rodata.str1.1
                0x00800431      0x157 UpLinkHandler.o
 .rodata.str1.1
                0x00800588      0x295 ../drivers\libIotLibrary.a(lora_driver.o)
                                0x2a5 (size before relaxing)
 .rodata._joinMode
                0x0080081d        0x4 ../drivers\libIotLibrary.a(lora_driver.o)
 .rodata._returnCode
                0x00800821       0x33 ../drivers\libIotLibrary.a(lora_driver.o)
                0x00800821                _returnCode
 .rodata.str1.1
                0x00800854        0x8 ../drivers\libIotLibrary.a(status_leds.o)
 *(.gnu.linkonce.r*)
                0x0080085c                . = ALIGN (0x2)
                0x0080085c                _edata = .
                0x0080085c                PROVIDE (__data_end, .)

.bss            0x0080085c      0xf72
                0x0080085c                PROVIDE (__bss_start, .)
 *(.bss)
 *(.bss*)
 .bss._configurationSemaphore
                0x0080085c        0x2 Configuration.o
                0x0080085c                _configurationSemaphore
 .bss._downlink_payload
                0x0080085e       0x16 DownLinkHandler.o
 .bss.xBlockAllocatedBit
                0x00800874        0x2 FreeRTOS/src/heap_4.o
 .bss.xNumberOfSuccessfulFrees
                0x00800876        0x2 FreeRTOS/src/heap_4.o
 .bss.xNumberOfSuccessfulAllocations
                0x00800878        0x2 FreeRTOS/src/heap_4.o
 .bss.xMinimumEverFreeBytesRemaining
                0x0080087a        0x2 FreeRTOS/src/heap_4.o
 .bss.xFreeBytesRemaining
                0x0080087c        0x2 FreeRTOS/src/heap_4.o
 .bss.pxEnd     0x0080087e        0x2 FreeRTOS/src/heap_4.o
 .bss.xStart    0x00800880        0x4 FreeRTOS/src/heap_4.o
 .bss.ucHeap    0x00800884      0xc80 FreeRTOS/src/heap_4.o
 .bss.uxSchedulerSuspended
                0x00801504        0x1 FreeRTOS/src/tasks.o
 .bss.xIdleTaskHandle
                0x00801505        0x2 FreeRTOS/src/tasks.o
 .bss.xNextTaskUnblockTime
                0x00801507        0x4 FreeRTOS/src/tasks.o
 .bss.uxTaskNumber
                0x0080150b        0x1 FreeRTOS/src/tasks.o
 .bss.xNumOfOverflows
                0x0080150c        0x1 FreeRTOS/src/tasks.o
 .bss.xYieldPending
                0x0080150d        0x1 FreeRTOS/src/tasks.o
 .bss.xPendedTicks
                0x0080150e        0x4 FreeRTOS/src/tasks.o
 .bss.xSchedulerRunning
                0x00801512        0x1 FreeRTOS/src/tasks.o
 .bss.uxTopReadyPriority
                0x00801513        0x1 FreeRTOS/src/tasks.o
 .bss.xTickCount
                0x00801514        0x4 FreeRTOS/src/tasks.o
 .bss.uxCurrentNumberOfTasks
                0x00801518        0x1 FreeRTOS/src/tasks.o
 .bss.xSuspendedTaskList
                0x00801519        0xb FreeRTOS/src/tasks.o
 .bss.uxDeletedTasksWaitingCleanUp
                0x00801524        0x1 FreeRTOS/src/tasks.o
 .bss.xTasksWaitingTermination
                0x00801525        0xb FreeRTOS/src/tasks.o
 .bss.xPendingReadyList
                0x00801530        0xb FreeRTOS/src/tasks.o
 .bss.pxOverflowDelayedTaskList
                0x0080153b        0x2 FreeRTOS/src/tasks.o
 .bss.pxDelayedTaskList
                0x0080153d        0x2 FreeRTOS/src/tasks.o
 .bss.xDelayedTaskList2
                0x0080153f        0xb FreeRTOS/src/tasks.o
 .bss.xDelayedTaskList1
                0x0080154a        0xb FreeRTOS/src/tasks.o
 .bss.pxReadyTasksLists
                0x00801555       0x6e FreeRTOS/src/tasks.o
 .bss.pxCurrentTCB
                0x008015c3        0x2 FreeRTOS/src/tasks.o
                0x008015c3                pxCurrentTCB
 .bss.xLastTime.2436
                0x008015c5        0x4 FreeRTOS/src/timers.o
 .bss.xTimerTaskHandle
                0x008015c9        0x2 FreeRTOS/src/timers.o
 .bss.xTimerQueue
                0x008015cb        0x2 FreeRTOS/src/timers.o
 .bss.pxOverflowTimerList
                0x008015cd        0x2 FreeRTOS/src/timers.o
 .bss.pxCurrentTimerList
                0x008015cf        0x2 FreeRTOS/src/timers.o
 .bss.xActiveTimerList2
                0x008015d1        0xb FreeRTOS/src/timers.o
 .bss.xActiveTimerList1
                0x008015dc        0xb FreeRTOS/src/timers.o
 .bss.temperatureIn16
                0x008015e7        0x2 hih8120.o
                0x008015e7                temperatureIn16
 .bss.humidityIn16
                0x008015e9        0x2 hih8120.o
                0x008015e9                humidityIn16
 .bss._uplink_payload
                0x008015eb       0x16 SensorDataPackageHandler.o
 .bss.co2_ppmIn16
                0x00801601        0x2 SensorDataPackageHandler.o
                0x00801601                co2_ppmIn16
 .bss.tempIn16  0x00801603        0x2 SensorDataPackageHandler.o
                0x00801603                tempIn16
 .bss.humIn16   0x00801605        0x2 SensorDataPackageHandler.o
                0x00801605                humIn16
 .bss._uplink_payload
                0x00801607       0x16 UpLinkHandler.o
 .bss._out_buf  0x0080161d       0x64 UpLinkHandler.o
 .bss._measuringIsReady
                0x00801681        0x1 ../drivers\libIotLibrary.a(hih8120.o)
 .bss._hih8120Handler
                0x00801682        0x2 ../drivers\libIotLibrary.a(hih8120.o)
 .bss._tmp_buf.2871
                0x00801684       0x37 ../drivers\libIotLibrary.a(lora_driver.o)
 .bss.rec_buf_inp.2878
                0x008016bb        0x1 ../drivers\libIotLibrary.a(lora_driver.o)
 .bss._downlinkMessageBuffer
                0x008016bc        0x2 ../drivers\libIotLibrary.a(lora_driver.o)
 .bss._serialReplyBufferHandle
                0x008016be        0x2 ../drivers\libIotLibrary.a(lora_driver.o)
 .bss._rn2483_serial
                0x008016c0        0x2 ../drivers\libIotLibrary.a(lora_driver.o)
 .bss._downlinkPayload
                0x008016c2       0x16 ../drivers\libIotLibrary.a(lora_driver.o)
 .bss._payLoadHexBytes
                0x008016d8       0x15 ../drivers\libIotLibrary.a(lora_driver.o)
 .bss._recMessageBuf
                0x008016ed       0x2d ../drivers\libIotLibrary.a(lora_driver.o)
 .bss._sendMessage
                0x0080171a       0x2d ../drivers\libIotLibrary.a(lora_driver.o)
 .bss._replyMess
                0x00801747       0x2d ../drivers\libIotLibrary.a(lora_driver.o)
 .bss.data.1944
                0x00801774        0x2 ../drivers\libIotLibrary.a(mh_z19.o)
 .bss.inDex.1943
                0x00801776        0x1 ../drivers\libIotLibrary.a(mh_z19.o)
 .bss.crc_sum.1945
                0x00801777        0x1 ../drivers\libIotLibrary.a(mh_z19.o)
 .bss._appCallBack
                0x00801778        0x2 ../drivers\libIotLibrary.a(mh_z19.o)
 .bss._mh_state
                0x0080177a        0x1 ../drivers\libIotLibrary.a(mh_z19.o)
                0x0080177a                _mh_state
 .bss._ppm      0x0080177b        0x2 ../drivers\libIotLibrary.a(mh_z19.o)
 .bss._serial   0x0080177d        0x2 ../drivers\libIotLibrary.a(mh_z19.o)
 .bss._ser_handle
                0x0080177f        0x8 ../drivers\libIotLibrary.a(serial.o)
 .bss._com_serial_instance
                0x00801787        0x2 ../drivers\libIotLibrary.a(stdio_driver.o)
 .bss._led_status
                0x00801789       0x18 ../drivers\libIotLibrary.a(status_leds.o)
 .bss._index.1885
                0x008017a1        0x1 ../drivers\libIotLibrary.a(twi.o)
 .bss._twiCurrentHandler
                0x008017a2        0x2 ../drivers\libIotLibrary.a(twi.o)
 .bss._twiMessageLen
                0x008017a4        0x1 ../drivers\libIotLibrary.a(twi.o)
 .bss._twiMessageBuffer
                0x008017a5        0xa ../drivers\libIotLibrary.a(twi.o)
 .bss._twiIsInitiated
                0x008017af        0x1 ../drivers\libIotLibrary.a(twi.o)
 *(COMMON)
 COMMON         0x008017b0        0x2 Application.o
                0x008017b0                xCreatedEventGroup
 COMMON         0x008017b2        0x4 CO2Sensor.o
                0x008017b2                rc
                0x008017b3                getCO2return
                0x008017b4                CO2ppm
 COMMON         0x008017b6        0x2 Configuration.o
                0x008017b6                humidity_setting
                0x008017b7                windows_settings
 COMMON         0x008017b8        0x4 DownLinkHandler.o
                0x008017b8                windowDataSetting
                0x008017b9                humDataSetting
                0x008017ba                _downLinkMessageBufferHandle
 COMMON         0x008017bc        0x4 hih8120.o
                0x008017bc                xLastWakeTime
 COMMON         0x008017c0        0x4 main.o
                0x008017c0                downLinkMessageBufferHandle
                0x008017c2                xTestSemaphore
 COMMON         0x008017c4        0x4 c:/program files (x86)/atmel/studio/7.0/toolchain/avr8/avr8-gnu-toolchain/bin/../lib/gcc/avr/5.4.0/../../../../avr/lib/avr6\libc.a(malloc.o)
                0x008017c4                __brkval
                0x008017c6                __flp
 COMMON         0x008017c8        0x6 c:/program files (x86)/atmel/studio/7.0/toolchain/avr8/avr8-gnu-toolchain/bin/../lib/gcc/avr/5.4.0/../../../../avr/lib/avr6\libc.a(iob.o)
                0x008017c8                __iob
                0x008017ce                PROVIDE (__bss_end, .)
                0x00006a9c                __data_load_start = LOADADDR (.data)
                0x000070f8                __data_load_end = (__data_load_start + SIZEOF (.data))

.noinit         0x008017ce        0x0
                [!provide]                PROVIDE (__noinit_start, .)
 *(.noinit*)
                [!provide]                PROVIDE (__noinit_end, .)
                0x008017ce                _end = .
                0x008017ce                PROVIDE (__heap_start, .)

.eeprom         0x00810000        0x0
 *(.eeprom*)
                0x00810000                __eeprom_end = .

.fuse
 *(.fuse)
 *(.lfuse)
 *(.hfuse)
 *(.efuse)

.lock
 *(.lock*)

.signature
 *(.signature*)

.user_signatures
 *(.user_signatures*)

.stab
 *(.stab)

.stabstr
 *(.stabstr)

.stab.excl
 *(.stab.excl)

.stab.exclstr
 *(.stab.exclstr)

.stab.index
 *(.stab.index)

.stab.indexstr
 *(.stab.indexstr)

.comment        0x00000000       0x5c
 *(.comment)
 .comment       0x00000000       0x30 Application.o
                                 0x31 (size before relaxing)
 .comment       0x00000030       0x31 CO2Sensor.o
 .comment       0x00000030       0x31 Configuration.o
 .comment       0x00000030       0x31 DownLinkHandler.o
 .comment       0x00000030       0x31 FreeRTOS/src/event_groups.o
 .comment       0x00000030       0x31 FreeRTOS/src/heap_4.o
 .comment       0x00000030       0x31 FreeRTOS/src/list.o
 .comment       0x00000030       0x31 FreeRTOS/src/port.o
 .comment       0x00000030       0x31 FreeRTOS/src/queue.o
 .comment       0x00000030       0x31 FreeRTOS/src/stream_buffer.o
 .comment       0x00000030       0x31 FreeRTOS/src/tasks.o
 .comment       0x00000030       0x31 FreeRTOS/src/timers.o
 .comment       0x00000030       0x31 FreeRTOS/src/variantHooks.o
 .comment       0x00000030       0x31 hih8120.o
 .comment       0x00000030       0x31 main.o
 .comment       0x00000030       0x31 SensorDataPackageHandler.o
 .comment       0x00000030       0x31 UpLinkHandler.o
 .comment       0x00000030       0x31 ../drivers\libIotLibrary.a(hih8120.o)
 .comment       0x00000030       0x31 ../drivers\libIotLibrary.a(lora_driver.o)
 .comment       0x00000030       0x31 ../drivers\libIotLibrary.a(lora_driver_utils.o)
 .comment       0x00000030       0x31 ../drivers\libIotLibrary.a(mh_z19.o)
 .comment       0x00000030       0x31 ../drivers\libIotLibrary.a(rc_servo.o)
 .comment       0x00000030       0x31 ../drivers\libIotLibrary.a(serial.o)
 .comment       0x00000030       0x31 ../drivers\libIotLibrary.a(stdio_driver.o)
 .comment       0x00000030       0x31 ../drivers\libIotLibrary.a(status_leds.o)
 .comment       0x00000030       0x31 ../drivers\libIotLibrary.a(twi.o)
 .comment       0x00000030       0x31 ../drivers\libIotLibrary.a(fifo.o)
 .comment       0x00000030       0x2c c:/program files (x86)/atmel/studio/7.0/toolchain/avr8/avr8-gnu-toolchain/bin/../lib/gcc/avr/5.4.0/../../../../avr/lib/avr6\libprintf_flt.a(vfprintf_flt.o)
                                 0x2d (size before relaxing)
 .comment       0x0000005c       0x31 c:/program files (x86)/atmel/studio/7.0/toolchain/avr8/avr8-gnu-toolchain/bin/../lib/gcc/avr/5.4.0/../../../../avr/lib/avr6\libc.a(malloc.o)
 .comment       0x0000005c       0x31 c:/program files (x86)/atmel/studio/7.0/toolchain/avr8/avr8-gnu-toolchain/bin/../lib/gcc/avr/5.4.0/../../../../avr/lib/avr6\libc.a(fputc.o)
 .comment       0x0000005c       0x31 c:/program files (x86)/atmel/studio/7.0/toolchain/avr8/avr8-gnu-toolchain/bin/../lib/gcc/avr/5.4.0/../../../../avr/lib/avr6\libc.a(iob.o)
 .comment       0x0000005c       0x31 c:/program files (x86)/atmel/studio/7.0/toolchain/avr8/avr8-gnu-toolchain/bin/../lib/gcc/avr/5.4.0/../../../../avr/lib/avr6\libc.a(printf.o)
 .comment       0x0000005c       0x31 c:/program files (x86)/atmel/studio/7.0/toolchain/avr8/avr8-gnu-toolchain/bin/../lib/gcc/avr/5.4.0/../../../../avr/lib/avr6\libc.a(puts.o)
 .comment       0x0000005c       0x31 c:/program files (x86)/atmel/studio/7.0/toolchain/avr8/avr8-gnu-toolchain/bin/../lib/gcc/avr/5.4.0/../../../../avr/lib/avr6\libc.a(sprintf.o)

.note.gnu.avr.deviceinfo
                0x00000000       0x40
 .note.gnu.avr.deviceinfo
                0x00000000       0x40 C:/Program Files (x86)/Atmel/Studio/7.0/Packs/atmel/ATmega_DFP/1.6.364/gcc/dev/atmega2560/avr6/crtatmega2560.o

.note.gnu.build-id
 *(.note.gnu.build-id)

.debug
 *(.debug)

.line
 *(.line)

.debug_srcinfo
 *(.debug_srcinfo)

.debug_sfnames
 *(.debug_sfnames)

.debug_aranges  0x00000000      0xb88
 *(.debug_aranges)
 .debug_aranges
                0x00000000       0x40 Application.o
 .debug_aranges
                0x00000040       0x38 CO2Sensor.o
 .debug_aranges
                0x00000078       0x48 Configuration.o
 .debug_aranges
                0x000000c0       0x28 DownLinkHandler.o
 .debug_aranges
                0x000000e8       0x68 FreeRTOS/src/event_groups.o
 .debug_aranges
                0x00000150       0x58 FreeRTOS/src/heap_4.o
 .debug_aranges
                0x000001a8       0x40 FreeRTOS/src/list.o
 .debug_aranges
                0x000001e8       0x58 FreeRTOS/src/port.o
 .debug_aranges
                0x00000240       0xf8 FreeRTOS/src/queue.o
 .debug_aranges
                0x00000338       0xc0 FreeRTOS/src/stream_buffer.o
 .debug_aranges
                0x000003f8      0x1d0 FreeRTOS/src/tasks.o
 .debug_aranges
                0x000005c8       0xc8 FreeRTOS/src/timers.o
 .debug_aranges
                0x00000690       0x40 FreeRTOS/src/variantHooks.o
 .debug_aranges
                0x000006d0       0x40 hih8120.o
 .debug_aranges
                0x00000710       0x28 main.o
 .debug_aranges
                0x00000738       0x38 SensorDataPackageHandler.o
 .debug_aranges
                0x00000770       0x30 UpLinkHandler.o
 .debug_aranges
                0x000007a0       0x68 ../drivers\libIotLibrary.a(hih8120.o)
 .debug_aranges
                0x00000808      0x138 ../drivers\libIotLibrary.a(lora_driver.o)
 .debug_aranges
                0x00000940       0x28 ../drivers\libIotLibrary.a(lora_driver_utils.o)
 .debug_aranges
                0x00000968       0x58 ../drivers\libIotLibrary.a(mh_z19.o)
 .debug_aranges
                0x000009c0       0x28 ../drivers\libIotLibrary.a(rc_servo.o)
 .debug_aranges
                0x000009e8       0x90 ../drivers\libIotLibrary.a(serial.o)
 .debug_aranges
                0x00000a78       0x38 ../drivers\libIotLibrary.a(stdio_driver.o)
 .debug_aranges
                0x00000ab0       0x68 ../drivers\libIotLibrary.a(status_leds.o)
 .debug_aranges
                0x00000b18       0x50 ../drivers\libIotLibrary.a(twi.o)
 .debug_aranges
                0x00000b68       0x20 ../drivers\libIotLibrary.a(fifo.o)

.debug_pubnames
 *(.debug_pubnames)

.debug_info     0x00000000     0xdfa6
 *(.debug_info .gnu.linkonce.wi.*)
 .debug_info    0x00000000      0xbbc C:/Program Files (x86)/Atmel/Studio/7.0/Packs/atmel/ATmega_DFP/1.6.364/gcc/dev/atmega2560/avr6/crtatmega2560.o
 .debug_info    0x00000bbc      0x3f7 Application.o
 .debug_info    0x00000fb3      0x399 CO2Sensor.o
 .debug_info    0x0000134c      0x246 Configuration.o
 .debug_info    0x00001592      0x3d5 DownLinkHandler.o
 .debug_info    0x00001967      0x971 FreeRTOS/src/event_groups.o
 .debug_info    0x000022d8      0x4e6 FreeRTOS/src/heap_4.o
 .debug_info    0x000027be      0x2e7 FreeRTOS/src/list.o
 .debug_info    0x00002aa5      0x2ff FreeRTOS/src/port.o
 .debug_info    0x00002da4     0x17e6 FreeRTOS/src/queue.o
 .debug_info    0x0000458a     0x13df FreeRTOS/src/stream_buffer.o
 .debug_info    0x00005969     0x2239 FreeRTOS/src/tasks.o
 .debug_info    0x00007ba2     0x10dd FreeRTOS/src/timers.o
 .debug_info    0x00008c7f      0x20f FreeRTOS/src/variantHooks.o
 .debug_info    0x00008e8e      0x424 hih8120.o
 .debug_info    0x000092b2      0x377 main.o
 .debug_info    0x00009629      0x201 SensorDataPackageHandler.o
 .debug_info    0x0000982a      0x767 UpLinkHandler.o
 .debug_info    0x00009f91      0x3a9 ../drivers\libIotLibrary.a(hih8120.o)
 .debug_info    0x0000a33a     0x1747 ../drivers\libIotLibrary.a(lora_driver.o)
 .debug_info    0x0000ba81      0x143 ../drivers\libIotLibrary.a(lora_driver_utils.o)
 .debug_info    0x0000bbc4      0x556 ../drivers\libIotLibrary.a(mh_z19.o)
 .debug_info    0x0000c11a      0x10f ../drivers\libIotLibrary.a(rc_servo.o)
 .debug_info    0x0000c229      0xd9b ../drivers\libIotLibrary.a(serial.o)
 .debug_info    0x0000cfc4      0x3b6 ../drivers\libIotLibrary.a(stdio_driver.o)
 .debug_info    0x0000d37a      0x50c ../drivers\libIotLibrary.a(status_leds.o)
 .debug_info    0x0000d886      0x55d ../drivers\libIotLibrary.a(twi.o)
 .debug_info    0x0000dde3      0x1c3 ../drivers\libIotLibrary.a(fifo.o)

.debug_abbrev   0x00000000     0x3973
 *(.debug_abbrev)
 .debug_abbrev  0x00000000      0xb1a C:/Program Files (x86)/Atmel/Studio/7.0/Packs/atmel/ATmega_DFP/1.6.364/gcc/dev/atmega2560/avr6/crtatmega2560.o
 .debug_abbrev  0x00000b1a      0x16f Application.o
 .debug_abbrev  0x00000c89      0x189 CO2Sensor.o
 .debug_abbrev  0x00000e12       0xf6 Configuration.o
 .debug_abbrev  0x00000f08      0x177 DownLinkHandler.o
 .debug_abbrev  0x0000107f      0x1dc FreeRTOS/src/event_groups.o
 .debug_abbrev  0x0000125b      0x200 FreeRTOS/src/heap_4.o
 .debug_abbrev  0x0000145b       0xff FreeRTOS/src/list.o
 .debug_abbrev  0x0000155a      0x179 FreeRTOS/src/port.o
 .debug_abbrev  0x000016d3      0x241 FreeRTOS/src/queue.o
 .debug_abbrev  0x00001914      0x246 FreeRTOS/src/stream_buffer.o
 .debug_abbrev  0x00001b5a      0x2c8 FreeRTOS/src/tasks.o
 .debug_abbrev  0x00001e22      0x28c FreeRTOS/src/timers.o
 .debug_abbrev  0x000020ae       0xff FreeRTOS/src/variantHooks.o
 .debug_abbrev  0x000021ad      0x1b6 hih8120.o
 .debug_abbrev  0x00002363      0x11c main.o
 .debug_abbrev  0x0000247f      0x107 SensorDataPackageHandler.o
 .debug_abbrev  0x00002586      0x19c UpLinkHandler.o
 .debug_abbrev  0x00002722      0x184 ../drivers\libIotLibrary.a(hih8120.o)
 .debug_abbrev  0x000028a6      0x33b ../drivers\libIotLibrary.a(lora_driver.o)
 .debug_abbrev  0x00002be1       0xc0 ../drivers\libIotLibrary.a(lora_driver_utils.o)
 .debug_abbrev  0x00002ca1      0x238 ../drivers\libIotLibrary.a(mh_z19.o)
 .debug_abbrev  0x00002ed9       0xbc ../drivers\libIotLibrary.a(rc_servo.o)
 .debug_abbrev  0x00002f95      0x355 ../drivers\libIotLibrary.a(serial.o)
 .debug_abbrev  0x000032ea      0x1b3 ../drivers\libIotLibrary.a(stdio_driver.o)
 .debug_abbrev  0x0000349d      0x1d7 ../drivers\libIotLibrary.a(status_leds.o)
 .debug_abbrev  0x00003674      0x217 ../drivers\libIotLibrary.a(twi.o)
 .debug_abbrev  0x0000388b       0xe8 ../drivers\libIotLibrary.a(fifo.o)

.debug_line     0x00000000     0x6f36
 *(.debug_line .debug_line.* .debug_line_end)
 .debug_line    0x00000000      0x1fa C:/Program Files (x86)/Atmel/Studio/7.0/Packs/atmel/ATmega_DFP/1.6.364/gcc/dev/atmega2560/avr6/crtatmega2560.o
 .debug_line    0x000001fa      0x1d3 Application.o
 .debug_line    0x000003cd      0x199 CO2Sensor.o
 .debug_line    0x00000566      0x1a2 Configuration.o
 .debug_line    0x00000708      0x1dc DownLinkHandler.o
 .debug_line    0x000008e4      0x413 FreeRTOS/src/event_groups.o
 .debug_line    0x00000cf7      0x41f FreeRTOS/src/heap_4.o
 .debug_line    0x00001116      0x1db FreeRTOS/src/list.o
 .debug_line    0x000012f1      0x28a FreeRTOS/src/port.o
 .debug_line    0x0000157b      0xbe3 FreeRTOS/src/queue.o
 .debug_line    0x0000215e      0x79a FreeRTOS/src/stream_buffer.o
 .debug_line    0x000028f8     0x15ba FreeRTOS/src/tasks.o
 .debug_line    0x00003eb2      0x624 FreeRTOS/src/timers.o
 .debug_line    0x000044d6      0x1af FreeRTOS/src/variantHooks.o
 .debug_line    0x00004685      0x1c4 hih8120.o
 .debug_line    0x00004849      0x276 main.o
 .debug_line    0x00004abf      0x16c SensorDataPackageHandler.o
 .debug_line    0x00004c2b      0x240 UpLinkHandler.o
 .debug_line    0x00004e6b      0x24a ../drivers\libIotLibrary.a(hih8120.o)
 .debug_line    0x000050b5      0x9aa ../drivers\libIotLibrary.a(lora_driver.o)
 .debug_line    0x00005a5f      0x195 ../drivers\libIotLibrary.a(lora_driver_utils.o)
 .debug_line    0x00005bf4      0x2fc ../drivers\libIotLibrary.a(mh_z19.o)
 .debug_line    0x00005ef0       0xfd ../drivers\libIotLibrary.a(rc_servo.o)
 .debug_line    0x00005fed      0x6a0 ../drivers\libIotLibrary.a(serial.o)
 .debug_line    0x0000668d      0x146 ../drivers\libIotLibrary.a(stdio_driver.o)
 .debug_line    0x000067d3      0x32c ../drivers\libIotLibrary.a(status_leds.o)
 .debug_line    0x00006aff      0x31c ../drivers\libIotLibrary.a(twi.o)
 .debug_line    0x00006e1b      0x11b ../drivers\libIotLibrary.a(fifo.o)

.debug_frame    0x00000000     0x28e0
 *(.debug_frame)
 .debug_frame   0x00000000       0xb0 Application.o
 .debug_frame   0x000000b0       0x74 CO2Sensor.o
 .debug_frame   0x00000124       0xa4 Configuration.o
 .debug_frame   0x000001c8       0x70 DownLinkHandler.o
 .debug_frame   0x00000238      0x1dc FreeRTOS/src/event_groups.o
 .debug_frame   0x00000414       0xfc FreeRTOS/src/heap_4.o
 .debug_frame   0x00000510       0x90 FreeRTOS/src/list.o
 .debug_frame   0x000005a0       0x94 FreeRTOS/src/port.o
 .debug_frame   0x00000634      0x3a4 FreeRTOS/src/queue.o
 .debug_frame   0x000009d8      0x40c FreeRTOS/src/stream_buffer.o
 .debug_frame   0x00000de4      0x7a0 FreeRTOS/src/tasks.o
 .debug_frame   0x00001584      0x3ac FreeRTOS/src/timers.o
 .debug_frame   0x00001930       0x64 FreeRTOS/src/variantHooks.o
 .debug_frame   0x00001994       0x84 hih8120.o
 .debug_frame   0x00001a18       0x3c main.o
 .debug_frame   0x00001a54       0x8c SensorDataPackageHandler.o
 .debug_frame   0x00001ae0      0x110 UpLinkHandler.o
 .debug_frame   0x00001bf0       0xc0 ../drivers\libIotLibrary.a(hih8120.o)
 .debug_frame   0x00001cb0      0x460 ../drivers\libIotLibrary.a(lora_driver.o)
 .debug_frame   0x00002110       0x48 ../drivers\libIotLibrary.a(lora_driver_utils.o)
 .debug_frame   0x00002158      0x100 ../drivers\libIotLibrary.a(mh_z19.o)
 .debug_frame   0x00002258       0x34 ../drivers\libIotLibrary.a(rc_servo.o)
 .debug_frame   0x0000228c      0x384 ../drivers\libIotLibrary.a(serial.o)
 .debug_frame   0x00002610       0x94 ../drivers\libIotLibrary.a(stdio_driver.o)
 .debug_frame   0x000026a4       0xec ../drivers\libIotLibrary.a(status_leds.o)
 .debug_frame   0x00002790      0x12c ../drivers\libIotLibrary.a(twi.o)
 .debug_frame   0x000028bc       0x24 ../drivers\libIotLibrary.a(fifo.o)

.debug_str      0x00000000     0x4537
 *(.debug_str)
 .debug_str     0x00000000      0x3e6 C:/Program Files (x86)/Atmel/Studio/7.0/Packs/atmel/ATmega_DFP/1.6.364/gcc/dev/atmega2560/avr6/crtatmega2560.o
 .debug_str     0x000003e6      0x3b2 Application.o
                                0x411 (size before relaxing)
 .debug_str     0x00000798      0x150 CO2Sensor.o
                                0x3a8 (size before relaxing)
 .debug_str     0x000008e8      0x13d Configuration.o
                                0x2e4 (size before relaxing)
 .debug_str     0x00000a25      0x1b4 DownLinkHandler.o
                                0x430 (size before relaxing)
 .debug_str     0x00000bd9      0x33c FreeRTOS/src/event_groups.o
                                0x595 (size before relaxing)
 .debug_str     0x00000f15      0x2ce FreeRTOS/src/heap_4.o
                                0x48b (size before relaxing)
 .debug_str     0x000011e3       0x89 FreeRTOS/src/list.o
                                0x2c7 (size before relaxing)
 .debug_str     0x0000126c      0x147 FreeRTOS/src/port.o
                                0x2fc (size before relaxing)
 .debug_str     0x000013b3      0x613 FreeRTOS/src/queue.o
                                0x93b (size before relaxing)
 .debug_str     0x000019c6      0x4b1 FreeRTOS/src/stream_buffer.o
                                0x7c4 (size before relaxing)
 .debug_str     0x00001e77      0x88f FreeRTOS/src/tasks.o
                                0xf5c (size before relaxing)
 .debug_str     0x00002706      0x414 FreeRTOS/src/timers.o
                                0x832 (size before relaxing)
 .debug_str     0x00002b1a       0x81 FreeRTOS/src/variantHooks.o
                                0x273 (size before relaxing)
 .debug_str     0x00002b9b      0x179 hih8120.o
                                0x420 (size before relaxing)
 .debug_str     0x00002d14       0xe9 main.o
                                0x3c1 (size before relaxing)
 .debug_str     0x00002dfd       0x8a SensorDataPackageHandler.o
                                0x2ae (size before relaxing)
 .debug_str     0x00002e87      0x3e5 UpLinkHandler.o
                                0x6a9 (size before relaxing)
 .debug_str     0x0000326c      0x2f4 ../drivers\libIotLibrary.a(hih8120.o)
                                0x45c (size before relaxing)
 .debug_str     0x00003560      0x68f ../drivers\libIotLibrary.a(lora_driver.o)
                                0xcdb (size before relaxing)
 .debug_str     0x00003bef       0x4f ../drivers\libIotLibrary.a(lora_driver_utils.o)
                                0x206 (size before relaxing)
 .debug_str     0x00003c3e      0x106 ../drivers\libIotLibrary.a(mh_z19.o)
                                0x489 (size before relaxing)
 .debug_str     0x00003d44       0x51 ../drivers\libIotLibrary.a(rc_servo.o)
                                0x1e2 (size before relaxing)
 .debug_str     0x00003d95      0x2e7 ../drivers\libIotLibrary.a(serial.o)
                                0x628 (size before relaxing)
 .debug_str     0x0000407c       0xa6 ../drivers\libIotLibrary.a(stdio_driver.o)
                                0x37d (size before relaxing)
 .debug_str     0x00004122      0x104 ../drivers\libIotLibrary.a(status_leds.o)
                                0x36d (size before relaxing)
 .debug_str     0x00004226      0x2ef ../drivers\libIotLibrary.a(twi.o)
                                0x5b4 (size before relaxing)
 .debug_str     0x00004515       0x22 ../drivers\libIotLibrary.a(fifo.o)
                                0x239 (size before relaxing)

.debug_loc      0x00000000     0xc888
 *(.debug_loc)
 .debug_loc     0x00000000      0x1e7 Application.o
 .debug_loc     0x000001e7       0xfc CO2Sensor.o
 .debug_loc     0x000002e3      0x140 Configuration.o
 .debug_loc     0x00000423      0x18e DownLinkHandler.o
 .debug_loc     0x000005b1      0xcc9 FreeRTOS/src/event_groups.o
 .debug_loc     0x0000127a      0x4be FreeRTOS/src/heap_4.o
 .debug_loc     0x00001738      0x17d FreeRTOS/src/list.o
 .debug_loc     0x000018b5       0xf6 FreeRTOS/src/port.o
 .debug_loc     0x000019ab     0x1abd FreeRTOS/src/queue.o
 .debug_loc     0x00003468     0x1daf FreeRTOS/src/stream_buffer.o
 .debug_loc     0x00005217     0x2a07 FreeRTOS/src/tasks.o
 .debug_loc     0x00007c1e     0x10f3 FreeRTOS/src/timers.o
 .debug_loc     0x00008d11       0xdc FreeRTOS/src/variantHooks.o
 .debug_loc     0x00008ded      0x11b hih8120.o
 .debug_loc     0x00008f08       0x22 main.o
 .debug_loc     0x00008f2a       0xf2 SensorDataPackageHandler.o
 .debug_loc     0x0000901c      0x3fd UpLinkHandler.o
 .debug_loc     0x00009419       0x9f ../drivers\libIotLibrary.a(hih8120.o)
 .debug_loc     0x000094b8     0x1216 ../drivers\libIotLibrary.a(lora_driver.o)
 .debug_loc     0x0000a6ce      0x1d2 ../drivers\libIotLibrary.a(lora_driver_utils.o)
 .debug_loc     0x0000a8a0      0x37c ../drivers\libIotLibrary.a(mh_z19.o)
 .debug_loc     0x0000ac1c       0x2f ../drivers\libIotLibrary.a(rc_servo.o)
 .debug_loc     0x0000ac4b     0x114c ../drivers\libIotLibrary.a(serial.o)
 .debug_loc     0x0000bd97      0x18c ../drivers\libIotLibrary.a(stdio_driver.o)
 .debug_loc     0x0000bf23      0x292 ../drivers\libIotLibrary.a(status_leds.o)
 .debug_loc     0x0000c1b5      0x575 ../drivers\libIotLibrary.a(twi.o)
 .debug_loc     0x0000c72a      0x15e ../drivers\libIotLibrary.a(fifo.o)

.debug_macinfo
 *(.debug_macinfo)

.debug_weaknames
 *(.debug_weaknames)

.debug_funcnames
 *(.debug_funcnames)

.debug_typenames
 *(.debug_typenames)

.debug_varnames
 *(.debug_varnames)

.debug_pubtypes
 *(.debug_pubtypes)

.debug_ranges   0x00000000      0xaa8
 *(.debug_ranges)
 .debug_ranges  0x00000000       0x30 Application.o
 .debug_ranges  0x00000030       0x28 CO2Sensor.o
 .debug_ranges  0x00000058       0x38 Configuration.o
 .debug_ranges  0x00000090       0x18 DownLinkHandler.o
 .debug_ranges  0x000000a8       0x70 FreeRTOS/src/event_groups.o
 .debug_ranges  0x00000118       0x48 FreeRTOS/src/heap_4.o
 .debug_ranges  0x00000160       0x30 FreeRTOS/src/list.o
 .debug_ranges  0x00000190       0x48 FreeRTOS/src/port.o
 .debug_ranges  0x000001d8      0x130 FreeRTOS/src/queue.o
 .debug_ranges  0x00000308       0xb0 FreeRTOS/src/stream_buffer.o
 .debug_ranges  0x000003b8      0x200 FreeRTOS/src/tasks.o
 .debug_ranges  0x000005b8       0xb8 FreeRTOS/src/timers.o
 .debug_ranges  0x00000670       0x30 FreeRTOS/src/variantHooks.o
 .debug_ranges  0x000006a0       0x30 hih8120.o
 .debug_ranges  0x000006d0       0x18 main.o
 .debug_ranges  0x000006e8       0x28 SensorDataPackageHandler.o
 .debug_ranges  0x00000710       0x20 UpLinkHandler.o
 .debug_ranges  0x00000730       0x58 ../drivers\libIotLibrary.a(hih8120.o)
 .debug_ranges  0x00000788      0x128 ../drivers\libIotLibrary.a(lora_driver.o)
 .debug_ranges  0x000008b0       0x30 ../drivers\libIotLibrary.a(lora_driver_utils.o)
 .debug_ranges  0x000008e0       0x48 ../drivers\libIotLibrary.a(mh_z19.o)
 .debug_ranges  0x00000928       0x18 ../drivers\libIotLibrary.a(rc_servo.o)
 .debug_ranges  0x00000940       0x98 ../drivers\libIotLibrary.a(serial.o)
 .debug_ranges  0x000009d8       0x28 ../drivers\libIotLibrary.a(stdio_driver.o)
 .debug_ranges  0x00000a00       0x58 ../drivers\libIotLibrary.a(status_leds.o)
 .debug_ranges  0x00000a58       0x40 ../drivers\libIotLibrary.a(twi.o)
 .debug_ranges  0x00000a98       0x10 ../drivers\libIotLibrary.a(fifo.o)

.debug_macro
 *(.debug_macro)
OUTPUT(4.Semester.elf elf32-avr)
LOAD linker stubs
