Archive member included to satisfy reference by file (symbol)

../drivers\libIotLibrary.a(hih8120.o)
                              hih8120.o (hih8120_initialise)
../drivers\libIotLibrary.a(lora_driver.o)
                              UpLinkHandler.o (lora_driver_flushBuffers)
../drivers\libIotLibrary.a(lora_driver_utils.o)
                              ../drivers\libIotLibrary.a(lora_driver.o) (decode_port_no)
../drivers\libIotLibrary.a(mh_z19.o)
                              main.o (mh_z19_initialise)
../drivers\libIotLibrary.a(rc_servo.o)
                              WindowController.o (rc_servo_setPosition)
../drivers\libIotLibrary.a(serial.o)
                              ../drivers\libIotLibrary.a(lora_driver.o) (serial_create)
../drivers\libIotLibrary.a(stdio_driver.o)
                              main.o (stdio_initialise)
../drivers\libIotLibrary.a(status_leds.o)
                              main.o (status_leds_initialise)
../drivers\libIotLibrary.a(twi.o)
                              ../drivers\libIotLibrary.a(hih8120.o) (twiCreate)
../drivers\libIotLibrary.a(fifo.o)
                              ../drivers\libIotLibrary.a(serial.o) (fifo_init)
c:/program files (x86)/atmel/studio/7.0/toolchain/avr8/avr8-gnu-toolchain/bin/../lib/gcc/avr/5.4.0/../../../../avr/lib/avr6\libm.a(addsf3.o)
                              ../drivers\libIotLibrary.a(hih8120.o) (__subsf3)
c:/program files (x86)/atmel/studio/7.0/toolchain/avr8/avr8-gnu-toolchain/bin/../lib/gcc/avr/5.4.0/../../../../avr/lib/avr6\libm.a(addsf3x.o)
                              c:/program files (x86)/atmel/studio/7.0/toolchain/avr8/avr8-gnu-toolchain/bin/../lib/gcc/avr/5.4.0/../../../../avr/lib/avr6\libm.a(addsf3.o) (__addsf3x)
c:/program files (x86)/atmel/studio/7.0/toolchain/avr8/avr8-gnu-toolchain/bin/../lib/gcc/avr/5.4.0/../../../../avr/lib/avr6\libm.a(divsf3.o)
                              ../drivers\libIotLibrary.a(hih8120.o) (__divsf3)
c:/program files (x86)/atmel/studio/7.0/toolchain/avr8/avr8-gnu-toolchain/bin/../lib/gcc/avr/5.4.0/../../../../avr/lib/avr6\libm.a(divsf3x.o)
                              c:/program files (x86)/atmel/studio/7.0/toolchain/avr8/avr8-gnu-toolchain/bin/../lib/gcc/avr/5.4.0/../../../../avr/lib/avr6\libm.a(divsf3.o) (__divsf3x)
c:/program files (x86)/atmel/studio/7.0/toolchain/avr8/avr8-gnu-toolchain/bin/../lib/gcc/avr/5.4.0/../../../../avr/lib/avr6\libm.a(fixsfsi.o)
                              ../drivers\libIotLibrary.a(hih8120.o) (__fixsfsi)
c:/program files (x86)/atmel/studio/7.0/toolchain/avr8/avr8-gnu-toolchain/bin/../lib/gcc/avr/5.4.0/../../../../avr/lib/avr6\libm.a(fixunssfsi.o)
                              ../drivers\libIotLibrary.a(hih8120.o) (__fixunssfsi)
c:/program files (x86)/atmel/studio/7.0/toolchain/avr8/avr8-gnu-toolchain/bin/../lib/gcc/avr/5.4.0/../../../../avr/lib/avr6\libm.a(floatsisf.o)
                              ../drivers\libIotLibrary.a(hih8120.o) (__floatunsisf)
c:/program files (x86)/atmel/studio/7.0/toolchain/avr8/avr8-gnu-toolchain/bin/../lib/gcc/avr/5.4.0/../../../../avr/lib/avr6\libm.a(fp_inf.o)
                              c:/program files (x86)/atmel/studio/7.0/toolchain/avr8/avr8-gnu-toolchain/bin/../lib/gcc/avr/5.4.0/../../../../avr/lib/avr6\libm.a(addsf3x.o) (__fp_inf)
c:/program files (x86)/atmel/studio/7.0/toolchain/avr8/avr8-gnu-toolchain/bin/../lib/gcc/avr/5.4.0/../../../../avr/lib/avr6\libm.a(fp_nan.o)
                              c:/program files (x86)/atmel/studio/7.0/toolchain/avr8/avr8-gnu-toolchain/bin/../lib/gcc/avr/5.4.0/../../../../avr/lib/avr6\libm.a(addsf3x.o) (__fp_nan)
c:/program files (x86)/atmel/studio/7.0/toolchain/avr8/avr8-gnu-toolchain/bin/../lib/gcc/avr/5.4.0/../../../../avr/lib/avr6\libm.a(fp_pscA.o)
                              c:/program files (x86)/atmel/studio/7.0/toolchain/avr8/avr8-gnu-toolchain/bin/../lib/gcc/avr/5.4.0/../../../../avr/lib/avr6\libm.a(addsf3x.o) (__fp_pscA)
c:/program files (x86)/atmel/studio/7.0/toolchain/avr8/avr8-gnu-toolchain/bin/../lib/gcc/avr/5.4.0/../../../../avr/lib/avr6\libm.a(fp_pscB.o)
                              c:/program files (x86)/atmel/studio/7.0/toolchain/avr8/avr8-gnu-toolchain/bin/../lib/gcc/avr/5.4.0/../../../../avr/lib/avr6\libm.a(addsf3x.o) (__fp_pscB)
c:/program files (x86)/atmel/studio/7.0/toolchain/avr8/avr8-gnu-toolchain/bin/../lib/gcc/avr/5.4.0/../../../../avr/lib/avr6\libm.a(fp_round.o)
                              c:/program files (x86)/atmel/studio/7.0/toolchain/avr8/avr8-gnu-toolchain/bin/../lib/gcc/avr/5.4.0/../../../../avr/lib/avr6\libm.a(addsf3.o) (__fp_round)
c:/program files (x86)/atmel/studio/7.0/toolchain/avr8/avr8-gnu-toolchain/bin/../lib/gcc/avr/5.4.0/../../../../avr/lib/avr6\libm.a(fp_split3.o)
                              c:/program files (x86)/atmel/studio/7.0/toolchain/avr8/avr8-gnu-toolchain/bin/../lib/gcc/avr/5.4.0/../../../../avr/lib/avr6\libm.a(addsf3x.o) (__fp_split3)
[...]
Memory Configuration

Name             Origin             Length             Attributes
text             0x00000000         0x00040000         xr
data             0x00800200         0x00002000         rw !x
eeprom           0x00810000         0x00001000         rw !x
fuse             0x00820000         0x00000003         rw !x
lock             0x00830000         0x00000400         rw !x
signature        0x00840000         0x00000400         rw !x
user_signatures  0x00850000         0x00000400         rw !x
*default*        0x00000000         0xffffffff

Linker script and memory map

Address of section .data set to 0x800200
LOAD C:/Program Files (x86)/Atmel/Studio/7.0/Packs/atmel/ATmega_DFP/1.6.364/gcc/dev/atmega2560/avr6/crtatmega2560.o
LOAD Application.o
LOAD CO2Sensor.o
LOAD Configuration.o
LOAD DownLinkHandler.o
LOAD FreeRTOS/src/croutine.o
LOAD FreeRTOS/src/event_groups.o
LOAD FreeRTOS/src/heap_4.o
LOAD FreeRTOS/src/list.o
LOAD FreeRTOS/src/port.o
LOAD FreeRTOS/src/queue.o
LOAD FreeRTOS/src/stream_buffer.o
LOAD FreeRTOS/src/tasks.o
LOAD FreeRTOS/src/timers.o
LOAD FreeRTOS/src/variantHooks.o
LOAD hih8120.o
LOAD WindowController.o
LOAD main.o
LOAD SensorDataPackageHandler.o
LOAD UpLinkHandler.o
START GROUP
LOAD c:/program files (x86)/atmel/studio/7.0/toolchain/avr8/avr8-gnu-toolchain/bin/../lib/gcc/avr/5.4.0/../../../../avr/lib/avr6\libm.a
LOAD ../drivers\libIotLibrary.a
END GROUP
LOAD c:/program files (x86)/atmel/studio/7.0/toolchain/avr8/avr8-gnu-toolchain/bin/../lib/gcc/avr/5.4.0/../../../../avr/lib/avr6\libprintf_flt.a
START GROUP
LOAD c:/program files (x86)/atmel/studio/7.0/toolchain/avr8/avr8-gnu-toolchain/bin/../lib/gcc/avr/5.4.0/avr6\libgcc.a
LOAD c:/program files (x86)/atmel/studio/7.0/toolchain/avr8/avr8-gnu-toolchain/bin/../lib/gcc/avr/5.4.0/../../../../avr/lib/avr6\libm.a
LOAD c:/program files (x86)/atmel/studio/7.0/toolchain/avr8/avr8-gnu-toolchain/bin/../lib/gcc/avr/5.4.0/../../../../avr/lib/avr6\libc.a
LOAD C:/Program Files (x86)/Atmel/Studio/7.0/Packs/atmel/ATmega_DFP/1.6.364/gcc/dev/atmega2560/avr6\libatmega2560.a
END GROUP
                0x00000000                __TEXT_REGION_ORIGIN__ = DEFINED (__TEXT_REGION_ORIGIN__)?__TEXT_REGION_ORIGIN__:0x0
                [0x00800200]                __DATA_REGION_ORIGIN__ = DEFINED (__DATA_REGION_ORIGIN__)?__DATA_REGION_ORIGIN__:0x800200
                [0x00040000]                __TEXT_REGION_LENGTH__ = DEFINED (__TEXT_REGION_LENGTH__)?__TEXT_REGION_LENGTH__:0x100000
                [0x00002000]                __DATA_REGION_LENGTH__ = DEFINED (__DATA_REGION_LENGTH__)?__DATA_REGION_LENGTH__:0xfe00
                [0x00001000]                __EEPROM_REGION_LENGTH__ = DEFINED (__EEPROM_REGION_LENGTH__)?__EEPROM_REGION_LENGTH__:0x10000
                [0x00000003]                __FUSE_REGION_LENGTH__ = DEFINED (__FUSE_REGION_LENGTH__)?__FUSE_REGION_LENGTH__:0x400
                0x00000400                __LOCK_REGION_LENGTH__ = DEFINED (__LOCK_REGION_LENGTH__)?__LOCK_REGION_LENGTH__:0x400
                0x00000400                __SIGNATURE_REGION_LENGTH__ = DEFINED (__SIGNATURE_REGION_LENGTH__)?__SIGNATURE_REGION_LENGTH__:0x400
                0x00000400                __USER_SIGNATURE_REGION_LENGTH__ = DEFINED (__USER_SIGNATURE_REGION_LENGTH__)?__USER_SIGNATURE_REGION_LENGTH__:0x400

.hash
 *(.hash)

.dynsym
 *(.dynsym)

.dynstr
 *(.dynstr)

.gnu.version
 *(.gnu.version)

.gnu.version_d
 *(.gnu.version_d)

.gnu.version_r
 *(.gnu.version_r)

.rel.init
 *(.rel.init)

.rela.init
 *(.rela.init)

.rel.text
 *(.rel.text)
 *(.rel.text.*)
 *(.rel.gnu.linkonce.t*)

.rela.text
 *(.rela.text)
 *(.rela.text.*)
 *(.rela.gnu.linkonce.t*)

.rel.fini
 *(.rel.fini)

.rela.fini
 *(.rela.fini)

.rel.rodata
 *(.rel.rodata)
 *(.rel.rodata.*)
 *(.rel.gnu.linkonce.r*)

.rela.rodata
 *(.rela.rodata)
 *(.rela.rodata.*)
 *(.rela.gnu.linkonce.r*)

.rel.data
 *(.rel.data)
 *(.rel.data.*)
 *(.rel.gnu.linkonce.d*)

.rela.data
 *(.rela.data)
 *(.rela.data.*)
 *(.rela.gnu.linkonce.d*)

.rel.ctors
 *(.rel.ctors)

.rela.ctors
 *(.rela.ctors)

.rel.dtors
 *(.rel.dtors)

.rela.dtors
 *(.rela.dtors)

.rel.got
 *(.rel.got)

.rela.got
 *(.rela.got)

.rel.bss
 *(.rel.bss)

.rela.bss
 *(.rela.bss)

.rel.plt
 *(.rel.plt)

.rela.plt
 *(.rela.plt)

.text           0x00000000     0x6e4a
 *(.vectors)
 .vectors       0x00000000       0xe4 C:/Program Files (x86)/Atmel/Studio/7.0/Packs/atmel/ATmega_DFP/1.6.364/gcc/dev/atmega2560/avr6/crtatmega2560.o
                0x00000000                __vector_default
                0x00000000                __vectors
 *(.vectors)
 *(.progmem.gcc*)
 .progmem.gcc_sw_table.prvProcessReceivedCommands
                0x000000e4       0x14 FreeRTOS/src/timers.o
 .progmem.gcc_sw_table.__vector_39
                0x000000f8       0xa2 ../drivers\libIotLibrary.a(twi.o)
                0x0000019a                . = ALIGN (0x2)
                0x0000019a                __trampolines_start = .
 *(.trampolines)
 .trampolines   0x0000019a        0x0 linker stubs
 *(.trampolines*)
                0x0000019a                __trampolines_end = .
 *libprintf_flt.a:*(.progmem.data)
 .progmem.data  0x0000019a        0x8 c:/program files (x86)/atmel/studio/7.0/toolchain/avr8/avr8-gnu-toolchain/bin/../lib/gcc/avr/5.4.0/../../../../avr/lib/avr6\libprintf_flt.a(vfprintf_flt.o)
 *libc.a:*(.progmem.data)
 .progmem.data  0x000001a2       0xfa c:/program files (x86)/atmel/studio/7.0/toolchain/avr8/avr8-gnu-toolchain/bin/../lib/gcc/avr/5.4.0/../../../../avr/lib/avr6\libc.a(ftoa_engine.o)
 *(.progmem*)
                0x0000029c                . = ALIGN (0x2)
 *(.jumptables)
 *(.jumptables*)
 *(.lowtext)
 .lowtext       0x0000029c       0x14 FreeRTOS/src/tasks.o
 .lowtext       0x000002b0       0x1e FreeRTOS/src/timers.o
 *(.lowtext*)
                0x000002ce                __ctors_start = .
 *(.ctors)
                0x000002ce                __ctors_end = .
                0x000002ce                __dtors_start = .
 *(.dtors)
                0x000002ce                __dtors_end = .
 SORT(*)(.ctors)
 SORT(*)(.dtors)
 *(.init0)
 .init0         0x000002ce        0x0 C:/Program Files (x86)/Atmel/Studio/7.0/Packs/atmel/ATmega_DFP/1.6.364/gcc/dev/atmega2560/avr6/crtatmega2560.o
                0x000002ce                __init
 *(.init0)
 *(.init1)
 *(.init1)
 *(.init2)
 .init2         0x000002ce       0x10 C:/Program Files (x86)/Atmel/Studio/7.0/Packs/atmel/ATmega_DFP/1.6.364/gcc/dev/atmega2560/avr6/crtatmega2560.o
 *(.init2)
 *(.init3)
 *(.init3)
 *(.init4)
 .init4         0x000002de       0x1a c:/program files (x86)/atmel/studio/7.0/toolchain/avr8/avr8-gnu-toolchain/bin/../lib/gcc/avr/5.4.0/avr6\libgcc.a(_copy_data.o)
                0x000002de                __do_copy_data
 .init4         0x000002f8       0x10 c:/program files (x86)/atmel/studio/7.0/toolchain/avr8/avr8-gnu-toolchain/bin/../lib/gcc/avr/5.4.0/avr6\libgcc.a(_clear_bss.o)
                0x000002f8                __do_clear_bss
 *(.init4)
 *(.init5)
 *(.init5)
 *(.init6)
 *(.init6)
 *(.init7)
 *(.init7)
 *(.init8)
 *(.init8)
 *(.init9)
 .init9         0x00000308        0x8 C:/Program Files (x86)/Atmel/Studio/7.0/Packs/atmel/ATmega_DFP/1.6.364/gcc/dev/atmega2560/avr6/crtatmega2560.o
 *(.init9)
 *(.text)
 .text          0x00000310        0x2 C:/Program Files (x86)/Atmel/Studio/7.0/Packs/atmel/ATmega_DFP/1.6.364/gcc/dev/atmega2560/avr6/crtatmega2560.o
                0x00000310                __vector_38
                0x00000310                __vector_22
                0x00000310                __vector_28
                0x00000310                __vector_1
                0x00000310                __vector_32
                0x00000310                __vector_34
                0x00000310                __vector_24
                0x00000310                __vector_46
                0x00000310                __bad_interrupt
                0x00000310                __vector_6
                0x00000310                __vector_31
                0x00000310                __vector_35
                0x00000310                __vector_3
                0x00000310                __vector_23
                0x00000310                __vector_30
                0x00000310                __vector_45
                0x00000310                __vector_11
                0x00000310                __vector_13
                0x00000310                __vector_17
                0x00000310                __vector_19
                0x00000310                __vector_56
                0x00000310                __vector_7
                0x00000310                __vector_49
                0x00000310                __vector_41
                0x00000310                __vector_43
                0x00000310                __vector_27
                0x00000310                __vector_5
                0x00000310                __vector_33
                0x00000310                __vector_47
                0x00000310                __vector_4
                0x00000310                __vector_44
                0x00000310                __vector_9
                0x00000310                __vector_2
                0x00000310                __vector_21
                0x00000310                __vector_15
                0x00000310                __vector_29
                0x00000310                __vector_40
                0x00000310                __vector_8
                0x00000310                __vector_48
                0x00000310                __vector_14
                0x00000310                __vector_53
                0x00000310                __vector_10
                0x00000310                __vector_50
                0x00000310                __vector_16
                0x00000310                __vector_18
                0x00000310                __vector_20
                0x00000310                __vector_42
                0x00000312                . = ALIGN (0x2)
 *(.text.*)
 .text.Application_getEventGroup
                0x00000312        0xa Application.o
                0x00000312                Application_getEventGroup
 .text.Application_aFunctionToClearBits
                0x0000031c        0xc Application.o
                0x0000031c                Application_aFunctionToClearBits
 .text.Application_aFunctionToWaitBits
                0x00000328       0x72 Application.o
                0x00000328                Application_aFunctionToWaitBits
 .text.Application_handler_task
                0x0000039a       0x4a Application.o
                0x0000039a                Application_handler_task
 .text.Application_handler_initialise
                0x000003e4       0x28 Application.o
                0x000003e4                Application_handler_initialise
 .text.CO2Sensor_handler_initialise
                0x0000040c       0x28 CO2Sensor.o
                0x0000040c                CO2Sensor_handler_initialise
 .text.CO2Sensor_getCO2InUint16
                0x00000434        0xa CO2Sensor.o
                0x00000434                CO2Sensor_getCO2InUint16
 .text.CO2Sensor_aFunctionToSetBits
                0x0000043e        0xc CO2Sensor.o
                0x0000043e                CO2Sensor_aFunctionToSetBits
 .text.CO2Sensor_handler_task
                0x0000044a       0x74 CO2Sensor.o
                0x0000044a                CO2Sensor_handler_task
 .text.configuration_create
                0x000004be       0x1a Configuration.o
                0x000004be                configuration_create
 .text.configuration_get_windows_data
                0x000004d8        0x6 Configuration.o
                0x000004d8                configuration_get_windows_data
 .text.configuration_set_windows_data
                0x000004de       0x32 Configuration.o
                0x000004de                configuration_set_windows_data
 .text.configuration_set_humidity_data
                0x00000510       0x32 Configuration.o
                0x00000510                configuration_set_humidity_data
 .text.get_mutex
                0x00000542        0xa Configuration.o
                0x00000542                get_mutex
 .text.DownLinkHandler_lora_handler_task
                0x0000054c       0xa2 DownLinkHandler.o
                0x0000054c                DownLinkHandler_lora_handler_task
 .text.DownLinkHandler_lora_handler_initialise
                0x000005ee       0x30 DownLinkHandler.o
                0x000005ee                DownLinkHandler_lora_handler_initialise
 .text.prvTestWaitCondition
                0x0000061e       0x42 FreeRTOS/src/event_groups.o
 .text.xEventGroupCreate
                0x00000660       0x26 FreeRTOS/src/event_groups.o
                0x00000660                xEventGroupCreate
 .text.xEventGroupWaitBits
                0x00000686      0x140 FreeRTOS/src/event_groups.o
                0x00000686                xEventGroupWaitBits
 .text.xEventGroupClearBits
                0x000007c6       0x3a FreeRTOS/src/event_groups.o
                0x000007c6                xEventGroupClearBits
 .text.xEventGroupSetBits
                0x00000800      0x11c FreeRTOS/src/event_groups.o
                0x00000800                xEventGroupSetBits
 .text.prvHeapInit
                0x0000091c       0x52 FreeRTOS/src/heap_4.o
 .text.prvInsertBlockIntoFreeList
                0x0000096e       0x94 FreeRTOS/src/heap_4.o
 .text.pvPortMalloc
                0x00000a02      0x152 FreeRTOS/src/heap_4.o
                0x00000a02                pvPortMalloc
 .text.vPortFree
                0x00000b54       0x7a FreeRTOS/src/heap_4.o
                0x00000b54                vPortFree
 .text.vListInitialise
                0x00000bce       0x22 FreeRTOS/src/list.o
                0x00000bce                vListInitialise
 .text.vListInitialiseItem
                0x00000bf0        0x8 FreeRTOS/src/list.o
                0x00000bf0                vListInitialiseItem
 .text.vListInsert
                0x00000bf8       0x7a FreeRTOS/src/list.o
                0x00000bf8                vListInsert
 .text.uxListRemove
                0x00000c72       0x4e FreeRTOS/src/list.o
                0x00000c72                uxListRemove
 .text.prvSetupTimerInterrupt
                0x00000cc0       0x18 FreeRTOS/src/port.o
 .text.pxPortInitialiseStack
                0x00000cd8       0x2e FreeRTOS/src/port.o
                0x00000cd8                pxPortInitialiseStack
 .text.xPortStartScheduler
                0x00000d06       0x64 FreeRTOS/src/port.o
                0x00000d06                xPortStartScheduler
 .text.vPortYield
                0x00000d6a       0xc2 FreeRTOS/src/port.o
                0x00000d6a                vPortYield
 .text.vPortYieldFromTick
                0x00000e2c       0xca FreeRTOS/src/port.o
                0x00000e2c                vPortYieldFromTick
 .text.__vector_12
                0x00000ef6        0x4 FreeRTOS/src/port.o
                0x00000ef6                __vector_12
 .text.prvGetDisinheritPriorityAfterTimeout
                0x00000efa       0x20 FreeRTOS/src/queue.o
 .text.prvIsQueueEmpty
                0x00000f1a       0x1a FreeRTOS/src/queue.o
 .text.prvIsQueueFull
                0x00000f34       0x1c FreeRTOS/src/queue.o
 .text.prvCopyDataToQueue
                0x00000f50       0xbe FreeRTOS/src/queue.o
 .text.prvCopyDataFromQueue
                0x0000100e       0x34 FreeRTOS/src/queue.o
 .text.prvUnlockQueue
                0x00001042       0x68 FreeRTOS/src/queue.o
 .text.xQueueGenericReset
                0x000010aa       0x86 FreeRTOS/src/queue.o
                0x000010aa                xQueueGenericReset
 .text.prvInitialiseNewQueue
                0x00001130       0x24 FreeRTOS/src/queue.o
 .text.xQueueGenericCreate
                0x00001154       0x46 FreeRTOS/src/queue.o
                0x00001154                xQueueGenericCreate
 .text.xQueueGenericSend
                0x0000119a      0x124 FreeRTOS/src/queue.o
                0x0000119a                xQueueGenericSend
 .text.prvInitialiseMutex
                0x000012be       0x24 FreeRTOS/src/queue.o
 .text.xQueueCreateMutex
                0x000012e2       0x18 FreeRTOS/src/queue.o
                0x000012e2                xQueueCreateMutex
 .text.xQueueGenericSendFromISR
                0x000012fa       0x76 FreeRTOS/src/queue.o
                0x000012fa                xQueueGenericSendFromISR
 .text.xQueueReceive
                0x00001370      0x11e FreeRTOS/src/queue.o
                0x00001370                xQueueReceive
 .text.xQueueSemaphoreTake
                0x0000148e      0x162 FreeRTOS/src/queue.o
                0x0000148e                xQueueSemaphoreTake
 .text.vQueueWaitForMessageRestricted
                0x000015f0       0x38 FreeRTOS/src/queue.o
                0x000015f0                vQueueWaitForMessageRestricted
 .text.prvBytesInBuffer
                0x00001628       0x26 FreeRTOS/src/stream_buffer.o
 .text.prvInitialiseNewStreamBuffer
                0x0000164e       0x20 FreeRTOS/src/stream_buffer.o
 .text.prvWriteBytesToBuffer
                0x0000166e       0x92 FreeRTOS/src/stream_buffer.o
 .text.prvWriteMessageToBuffer
                0x00001700       0x86 FreeRTOS/src/stream_buffer.o
 .text.prvReadBytesFromBuffer
                0x00001786       0x9e FreeRTOS/src/stream_buffer.o
 .text.prvReadMessageFromBuffer
                0x00001824       0x8a FreeRTOS/src/stream_buffer.o
 .text.xStreamBufferGenericCreate
                0x000018ae       0x64 FreeRTOS/src/stream_buffer.o
                0x000018ae                xStreamBufferGenericCreate
 .text.xStreamBufferReset
                0x00001912       0x3c FreeRTOS/src/stream_buffer.o
                0x00001912                xStreamBufferReset
 .text.xStreamBufferSpacesAvailable
                0x0000194e       0x24 FreeRTOS/src/stream_buffer.o
                0x0000194e                xStreamBufferSpacesAvailable
 .text.xStreamBufferSend
                0x00001972      0x18a FreeRTOS/src/stream_buffer.o
                0x00001972                xStreamBufferSend
 .text.xStreamBufferSendFromISR
                0x00001afc       0x88 FreeRTOS/src/stream_buffer.o
                0x00001afc                xStreamBufferSendFromISR
 .text.xStreamBufferReceive
                0x00001b84      0x106 FreeRTOS/src/stream_buffer.o
                0x00001b84                xStreamBufferReceive
 .text.prvResetNextTaskUnblockTime
                0x00001c8a       0x4e FreeRTOS/src/tasks.o
 .text.prvDeleteTCB
                0x00001cd8       0x1a FreeRTOS/src/tasks.o
 .text.prvInitialiseNewTask
                0x00001cf2       0xfc FreeRTOS/src/tasks.o
 .text.prvInitialiseTaskLists
                0x00001dee       0x60 FreeRTOS/src/tasks.o
 .text.prvAddNewTaskToReadyList
                0x00001e4e       0xde FreeRTOS/src/tasks.o
 .text.prvCheckTasksWaitingTermination
                0x00001f2c       0x4a FreeRTOS/src/tasks.o
 .text.prvAddCurrentTaskToDelayedList
                0x00001f76      0x144 FreeRTOS/src/tasks.o
 .text.xTaskCreate
                0x000020ba       0x98 FreeRTOS/src/tasks.o
                0x000020ba                xTaskCreate
 .text.vTaskStartScheduler
                0x00002152       0x70 FreeRTOS/src/tasks.o
                0x00002152                vTaskStartScheduler
 .text.vTaskSuspendAll
                0x000021c2        0xc FreeRTOS/src/tasks.o
                0x000021c2                vTaskSuspendAll
 .text.xTaskGetTickCount
                0x000021ce       0x1c FreeRTOS/src/tasks.o
                0x000021ce                xTaskGetTickCount
 .text.xTaskIncrementTick
                0x000021ea      0x258 FreeRTOS/src/tasks.o
                0x000021ea                xTaskIncrementTick
 .text.xTaskResumeAll
                0x00002442      0x1b8 FreeRTOS/src/tasks.o
                0x00002442                xTaskResumeAll
 .text.xTaskDelayUntil
                0x000025fa       0xca FreeRTOS/src/tasks.o
                0x000025fa                xTaskDelayUntil
 .text.vTaskDelay
                0x000026c4       0x36 FreeRTOS/src/tasks.o
                0x000026c4                vTaskDelay
 .text.vTaskSwitchContext
                0x000026fa       0xca FreeRTOS/src/tasks.o
                0x000026fa                vTaskSwitchContext
 .text.vTaskPlaceOnEventList
                0x000027c4       0x2e FreeRTOS/src/tasks.o
                0x000027c4                vTaskPlaceOnEventList
 .text.vTaskPlaceOnUnorderedEventList
                0x000027f2       0x94 FreeRTOS/src/tasks.o
                0x000027f2                vTaskPlaceOnUnorderedEventList
 .text.vTaskPlaceOnEventListRestricted
                0x00002886       0x84 FreeRTOS/src/tasks.o
                0x00002886                vTaskPlaceOnEventListRestricted
 .text.xTaskRemoveFromEventList
                0x0000290a      0x15e FreeRTOS/src/tasks.o
                0x0000290a                xTaskRemoveFromEventList
 .text.vTaskRemoveFromUnorderedEventList
                0x00002a68      0x134 FreeRTOS/src/tasks.o
                0x00002a68                vTaskRemoveFromUnorderedEventList
 .text.vTaskSetTimeOutState
                0x00002b9c       0x2c FreeRTOS/src/tasks.o
                0x00002b9c                vTaskSetTimeOutState
 .text.vTaskInternalSetTimeOutState
                0x00002bc8       0x22 FreeRTOS/src/tasks.o
                0x00002bc8                vTaskInternalSetTimeOutState
 .text.xTaskCheckForTimeOut
                0x00002bea       0xcc FreeRTOS/src/tasks.o
                0x00002bea                xTaskCheckForTimeOut
 .text.vTaskMissedYield
                0x00002cb6        0x8 FreeRTOS/src/tasks.o
                0x00002cb6                vTaskMissedYield
 .text.xTaskGetCurrentTaskHandle
                0x00002cbe        0xa FreeRTOS/src/tasks.o
                0x00002cbe                xTaskGetCurrentTaskHandle
 .text.xTaskGetSchedulerState
                0x00002cc8       0x1c FreeRTOS/src/tasks.o
                0x00002cc8                xTaskGetSchedulerState
 .text.xTaskPriorityInherit
                0x00002ce4      0x10e FreeRTOS/src/tasks.o
                0x00002ce4                xTaskPriorityInherit
 .text.xTaskPriorityDisinherit
                0x00002df2       0xb6 FreeRTOS/src/tasks.o
                0x00002df2                xTaskPriorityDisinherit
 .text.vTaskPriorityDisinheritAfterTimeout
                0x00002ea8       0xce FreeRTOS/src/tasks.o
                0x00002ea8                vTaskPriorityDisinheritAfterTimeout
 .text.uxTaskResetEventItemValue
                0x00002f76       0x54 FreeRTOS/src/tasks.o
                0x00002f76                uxTaskResetEventItemValue
 .text.pvTaskIncrementMutexHeldCount
                0x00002fca       0x24 FreeRTOS/src/tasks.o
                0x00002fca                pvTaskIncrementMutexHeldCount
 .text.xTaskGenericNotifyWait
                0x00002fee      0x150 FreeRTOS/src/tasks.o
                0x00002fee                xTaskGenericNotifyWait
 .text.xTaskGenericNotify
                0x0000313e      0x1ee FreeRTOS/src/tasks.o
                0x0000313e                xTaskGenericNotify
 .text.xTaskGenericNotifyFromISR
                0x0000332c      0x244 FreeRTOS/src/tasks.o
                0x0000332c                xTaskGenericNotifyFromISR
 .text.xTaskGenericNotifyStateClear
                0x00003570       0x34 FreeRTOS/src/tasks.o
                0x00003570                xTaskGenericNotifyStateClear
 .text.prvGetNextExpireTime
                0x000035a4       0x30 FreeRTOS/src/timers.o
 .text.prvInsertTimerInActiveList
                0x000035d4       0x92 FreeRTOS/src/timers.o
 .text.prvCheckForValidListAndQueue
                0x00003666       0x52 FreeRTOS/src/timers.o
 .text.xTimerCreateTimerTask
                0x000036b8       0x42 FreeRTOS/src/timers.o
                0x000036b8                xTimerCreateTimerTask
 .text.xTimerGenericCommand
                0x000036fa       0xbc FreeRTOS/src/timers.o
                0x000036fa                xTimerGenericCommand
 .text.prvSwitchTimerLists
                0x000037b6       0xd0 FreeRTOS/src/timers.o
 .text.prvSampleTimeNow
                0x00003886       0x5c FreeRTOS/src/timers.o
 .text.prvProcessExpiredTimer
                0x000038e2       0xac FreeRTOS/src/timers.o
 .text.prvProcessTimerOrBlockTask
                0x0000398e       0xae FreeRTOS/src/timers.o
 .text.prvProcessReceivedCommands
                0x00003a3c      0x168 FreeRTOS/src/timers.o
 .text.vApplicationIdleHook
                0x00003ba4        0x2 FreeRTOS/src/variantHooks.o
                0x00003ba4                vApplicationIdleHook
 .text.prvSetMainLedOn
                0x00003ba6        0xe FreeRTOS/src/variantHooks.o
                0x00003ba6                prvSetMainLedOn
 .text.prvBlinkMainLed
                0x00003bb4        0x8 FreeRTOS/src/variantHooks.o
                0x00003bb4                prvBlinkMainLed
 .text.vApplicationMallocFailedHook
                0x00003bbc       0x18 FreeRTOS/src/variantHooks.o
                0x00003bbc                vApplicationMallocFailedHook
 .text.vApplicationStackOverflowHook
                0x00003bd4       0x18 FreeRTOS/src/variantHooks.o
                0x00003bd4                vApplicationStackOverflowHook
 .text.hih8120_handler_initialise
                0x00003bec       0x46 hih8120.o
                0x00003bec                hih8120_handler_initialise
 .text.hih820_getHumidityInUint16
                0x00003c32       0x1e hih8120.o
                0x00003c32                hih820_getHumidityInUint16
 .text.hih820_getTemperatureInUint16
                0x00003c50       0x14 hih8120.o
                0x00003c50                hih820_getTemperatureInUint16
 .text.hih820_aFunctionToSetBits
                0x00003c64        0xe hih8120.o
                0x00003c64                hih820_aFunctionToSetBits
 .text.hih820_handler_task
                0x00003c72       0x64 hih8120.o
                0x00003c72                hih820_handler_task
 .text.WindowController_handler_initialise
                0x00003cd6       0x28 WindowController.o
                0x00003cd6                WindowController_handler_initialise
 .text.WindowController_init
                0x00003cfe       0x2a WindowController.o
                0x00003cfe                WindowController_init
 .text.WindowController_handler_task
                0x00003d28       0x44 WindowController.o
                0x00003d28                WindowController_handler_task
 .text.main     0x00003d6c       0x62 main.o
                0x00003d6c                main
 .text.SensorDataPackageHandler_SetCO2
                0x00003dce        0xa SensorDataPackageHandler.o
                0x00003dce                SensorDataPackageHandler_SetCO2
 .text.SensorDataPackageHandler_SetHumidity
                0x00003dd8        0xa SensorDataPackageHandler.o
                0x00003dd8                SensorDataPackageHandler_SetHumidity
 .text.SensorDataPackageHandler_SetTemperature
                0x00003de2        0xa SensorDataPackageHandler.o
                0x00003de2                SensorDataPackageHandler_SetTemperature
 .text.SensorDataPackageHandler_getLoRaPayload
                0x00003dec       0xaa SensorDataPackageHandler.o
                0x00003dec                SensorDataPackageHandler_getLoRaPayload
 .text._lora_setup
                0x00003e96      0x170 UpLinkHandler.o
 .text.UpLinkHandler_lora_handler_task
                0x00004006       0xa6 UpLinkHandler.o
                0x00004006                UpLinkHandler_lora_handler_task
 .text.UpLinkHandler_lora_handler_initialise
                0x000040ac       0x28 UpLinkHandler.o
                0x000040ac                UpLinkHandler_lora_handler_initialise
 .text._hihTwiCallback
                0x000040d4       0x5a ../drivers\libIotLibrary.a(hih8120.o)
 .text.hih8120_initialise
                0x0000412e       0x30 ../drivers\libIotLibrary.a(hih8120.o)
                0x0000412e                hih8120_initialise
 .text.hih8120_wakeup
                0x0000415e       0x2a ../drivers\libIotLibrary.a(hih8120.o)
                0x0000415e                hih8120_wakeup
 .text.hih8120_measure
                0x00004188       0x22 ../drivers\libIotLibrary.a(hih8120.o)
                0x00004188                hih8120_measure
 .text.hih8120_getHumidity
                0x000041aa       0x2a ../drivers\libIotLibrary.a(hih8120.o)
                0x000041aa                hih8120_getHumidity
 .text.hih8120_getHumidityPercent_x10
                0x000041d4       0x16 ../drivers\libIotLibrary.a(hih8120.o)
                0x000041d4                hih8120_getHumidityPercent_x10
 .text.hih8120_getTemperature
                0x000041ea       0x36 ../drivers\libIotLibrary.a(hih8120.o)
                0x000041ea                hih8120_getTemperature
 .text.hih8120_getTemperature_x10
                0x00004220       0x16 ../drivers\libIotLibrary.a(hih8120.o)
                0x00004220                hih8120_getTemperature_x10
 .text._serialCallBack
                0x00004236       0x8c ../drivers\libIotLibrary.a(lora_driver.o)
 .text._uploadMessage
                0x000042c2       0xb4 ../drivers\libIotLibrary.a(lora_driver.o)
 .text._reply2ReturnCode
                0x00004376       0xea ../drivers\libIotLibrary.a(lora_driver.o)
 .text._uploadMessageRc
                0x00004460        0x6 ../drivers\libIotLibrary.a(lora_driver.o)
 .text.lora_driver_flushBuffers
                0x00004466        0xe ../drivers\libIotLibrary.a(lora_driver.o)
                0x00004466                lora_driver_flushBuffers
 .text.lora_driver_initialise
                0x00004474       0x80 ../drivers\libIotLibrary.a(lora_driver.o)
                0x00004474                lora_driver_initialise
 .text.lora_driver_resetRn2483
                0x000044f4       0x1c ../drivers\libIotLibrary.a(lora_driver.o)
                0x000044f4                lora_driver_resetRn2483
 .text.lora_driver_rn2483FactoryReset
                0x00004510       0x24 ../drivers\libIotLibrary.a(lora_driver.o)
                0x00004510                lora_driver_rn2483FactoryReset
 .text.lora_driver_getRn2483Hweui
                0x00004534       0x38 ../drivers\libIotLibrary.a(lora_driver.o)
                0x00004534                lora_driver_getRn2483Hweui
 .text.lora_driver_setDeviceIdentifier
                0x0000456c       0x22 ../drivers\libIotLibrary.a(lora_driver.o)
                0x0000456c                lora_driver_setDeviceIdentifier
 .text.lora_driver_setApplicationIdentifier
                0x0000458e       0x22 ../drivers\libIotLibrary.a(lora_driver.o)
                0x0000458e                lora_driver_setApplicationIdentifier
 .text.lora_driver_setApplicationKey
                0x000045b0       0x22 ../drivers\libIotLibrary.a(lora_driver.o)
                0x000045b0                lora_driver_setApplicationKey
 .text.lora_driver_saveMac
                0x000045d2        0xc ../drivers\libIotLibrary.a(lora_driver.o)
                0x000045d2                lora_driver_saveMac
 .text.lora_driver_join
                0x000045de       0x52 ../drivers\libIotLibrary.a(lora_driver.o)
                0x000045de                lora_driver_join
 .text.lora_driver_sendUploadMessage
                0x00004630      0x196 ../drivers\libIotLibrary.a(lora_driver.o)
                0x00004630                lora_driver_sendUploadMessage
 .text.lora_driver_setAdaptiveDataRate
                0x000047c6       0x16 ../drivers\libIotLibrary.a(lora_driver.o)
                0x000047c6                lora_driver_setAdaptiveDataRate
 .text.lora_driver_setReceiveDelay
                0x000047dc       0x30 ../drivers\libIotLibrary.a(lora_driver.o)
                0x000047dc                lora_driver_setReceiveDelay
 .text.lora_driver_configureToEu868
                0x0000480c      0x1bc ../drivers\libIotLibrary.a(lora_driver.o)
                0x0000480c                lora_driver_configureToEu868
 .text.lora_driver_setOtaaIdentity
                0x000049c8       0x42 ../drivers\libIotLibrary.a(lora_driver.o)
                0x000049c8                lora_driver_setOtaaIdentity
 .text.lora_driver_mapReturnCodeToText
                0x00004a0a       0x18 ../drivers\libIotLibrary.a(lora_driver.o)
                0x00004a0a                lora_driver_mapReturnCodeToText
 .text.decode_port_no
                0x00004a22       0x58 ../drivers\libIotLibrary.a(lora_driver_utils.o)
                0x00004a22                decode_port_no
 .text.decode_hexadecimal_string_bytes
                0x00004a7a       0x92 ../drivers\libIotLibrary.a(lora_driver_utils.o)
                0x00004a7a                decode_hexadecimal_string_bytes
 .text._serialCallBack
                0x00004b0c       0xb6 ../drivers\libIotLibrary.a(mh_z19.o)
 .text.mh_z19_initialise
                0x00004bc2       0x4a ../drivers\libIotLibrary.a(mh_z19.o)
                0x00004bc2                mh_z19_initialise
 .text.mh_z19_injectCallBack
                0x00004c0c        0xa ../drivers\libIotLibrary.a(mh_z19.o)
                0x00004c0c                mh_z19_injectCallBack
 .text.mh_z19_takeMeassuring
                0x00004c16       0x5e ../drivers\libIotLibrary.a(mh_z19.o)
                0x00004c16                mh_z19_takeMeassuring
 .text.mh_z19_getCo2Ppm
                0x00004c74       0x22 ../drivers\libIotLibrary.a(mh_z19.o)
                0x00004c74                mh_z19_getCo2Ppm
 .text.rc_servo_setPosition
                0x00004c96       0x30 ../drivers\libIotLibrary.a(rc_servo.o)
                0x00004c96                rc_servo_setPosition
 .text.rc_servo_initialise
                0x00004cc6       0x38 ../drivers\libIotLibrary.a(rc_servo.o)
                0x00004cc6                rc_servo_initialise
 .text.serial_create
                0x00004cfe      0x144 ../drivers\libIotLibrary.a(serial.o)
                0x00004cfe                serial_create
 .text.serial_sendByte
                0x00004e42       0x56 ../drivers\libIotLibrary.a(serial.o)
                0x00004e42                serial_sendByte
 .text.serial_sendBytes
                0x00004e98       0xaa ../drivers\libIotLibrary.a(serial.o)
                0x00004e98                serial_sendBytes
 .text.serial_getByte
                0x00004f42       0x40 ../drivers\libIotLibrary.a(serial.o)
                0x00004f42                serial_getByte
 .text.__vector_25
                0x00004f82       0xa4 ../drivers\libIotLibrary.a(serial.o)
                0x00004f82                __vector_25
 .text.__vector_26
                0x00005026       0x88 ../drivers\libIotLibrary.a(serial.o)
                0x00005026                __vector_26
 .text.__vector_36
                0x000050ae       0xa4 ../drivers\libIotLibrary.a(serial.o)
                0x000050ae                __vector_36
 .text.__vector_37
                0x00005152       0x88 ../drivers\libIotLibrary.a(serial.o)
                0x00005152                __vector_37
 .text.__vector_51
                0x000051da       0xa4 ../drivers\libIotLibrary.a(serial.o)
                0x000051da                __vector_51
 .text.__vector_52
                0x0000527e       0x88 ../drivers\libIotLibrary.a(serial.o)
                0x0000527e                __vector_52
 .text.__vector_54
                0x00005306       0xa4 ../drivers\libIotLibrary.a(serial.o)
                0x00005306                __vector_54
 .text.__vector_55
                0x000053aa       0x88 ../drivers\libIotLibrary.a(serial.o)
                0x000053aa                __vector_55
 .text.usart_getchar
                0x00005432       0x2a ../drivers\libIotLibrary.a(stdio_driver.o)
 .text.usart_putchar
                0x0000545c       0x12 ../drivers\libIotLibrary.a(stdio_driver.o)
 .text.stdio_initialise
                0x0000546e       0x52 ../drivers\libIotLibrary.a(stdio_driver.o)
                0x0000546e                stdio_initialise
 .text._turn_off
                0x000054c0       0x98 ../drivers\libIotLibrary.a(status_leds.o)
 .text._turn_on
                0x00005558       0x98 ../drivers\libIotLibrary.a(status_leds.o)
 .text._hal_led_task
                0x000055f0       0x8c ../drivers\libIotLibrary.a(status_leds.o)
 .text.status_leds_initialise
                0x0000567c       0x9c ../drivers\libIotLibrary.a(status_leds.o)
                0x0000567c                status_leds_initialise
 .text.status_leds_slowBlink
                0x00005718       0x46 ../drivers\libIotLibrary.a(status_leds.o)
                0x00005718                status_leds_slowBlink
 .text.status_leds_fastBlink
                0x0000575e       0x46 ../drivers\libIotLibrary.a(status_leds.o)
                0x0000575e                status_leds_fastBlink
 .text.status_leds_ledOn
                0x000057a4       0x1e ../drivers\libIotLibrary.a(status_leds.o)
                0x000057a4                status_leds_ledOn
 .text.status_leds_ledOff
                0x000057c2       0x1e ../drivers\libIotLibrary.a(status_leds.o)
                0x000057c2                status_leds_ledOff
 .text.status_leds_longPuls
                0x000057e0       0x24 ../drivers\libIotLibrary.a(status_leds.o)
                0x000057e0                status_leds_longPuls
 .text.status_leds_shortPuls
                0x00005804       0x24 ../drivers\libIotLibrary.a(status_leds.o)
                0x00005804                status_leds_shortPuls
 .text._initTwiInterface
                0x00005828       0x22 ../drivers\libIotLibrary.a(twi.o)
 .text.twiCreate
                0x0000584a       0x9a ../drivers\libIotLibrary.a(twi.o)
                0x0000584a                twiCreate
 .text.twiIsBusy
                0x000058e4        0x8 ../drivers\libIotLibrary.a(twi.o)
                0x000058e4                twiIsBusy
 .text.twiTransmit
                0x000058ec       0x98 ../drivers\libIotLibrary.a(twi.o)
                0x000058ec                twiTransmit
 .text.twiReceive
                0x00005984       0x66 ../drivers\libIotLibrary.a(twi.o)
                0x00005984                twiReceive
 .text.__vector_39
                0x000059ea      0x17a ../drivers\libIotLibrary.a(twi.o)
                0x000059ea                __vector_39
 .text.fifo_init
                0x00005b64       0x38 ../drivers\libIotLibrary.a(fifo.o)
                0x00005b64                fifo_init
 .text.avr-libc.fplib
                0x00005b9c        0xa c:/program files (x86)/atmel/studio/7.0/toolchain/avr8/avr8-gnu-toolchain/bin/../lib/gcc/avr/5.4.0/../../../../avr/lib/avr6\libm.a(addsf3.o)
                0x00005b9c                __subsf3
                0x00005b9e                __addsf3
 .text.avr-libc.fplib
                0x00005ba6       0xc0 c:/program files (x86)/atmel/studio/7.0/toolchain/avr8/avr8-gnu-toolchain/bin/../lib/gcc/avr/5.4.0/../../../../avr/lib/avr6\libm.a(addsf3x.o)
                0x00005bc0                __addsf3x
 .text.avr-libc.fplib
                0x00005c66        0x4 c:/program files (x86)/atmel/studio/7.0/toolchain/avr8/avr8-gnu-toolchain/bin/../lib/gcc/avr/5.4.0/../../../../avr/lib/avr6\libm.a(divsf3.o)
                0x00005c66                __divsf3
 .text.avr-libc.fplib
                0x00005c6a       0xcc c:/program files (x86)/atmel/studio/7.0/toolchain/avr8/avr8-gnu-toolchain/bin/../lib/gcc/avr/5.4.0/../../../../avr/lib/avr6\libm.a(divsf3x.o)
                0x00005c80                __divsf3x
                0x00005c84                __divsf3_pse
 .text.avr-libc.fplib
                0x00005d36        0xa c:/program files (x86)/atmel/studio/7.0/toolchain/avr8/avr8-gnu-toolchain/bin/../lib/gcc/avr/5.4.0/../../../../avr/lib/avr6\libm.a(fixsfsi.o)
                0x00005d36                __fixsfsi
 .text.avr-libc.fplib
                0x00005d40       0x58 c:/program files (x86)/atmel/studio/7.0/toolchain/avr8/avr8-gnu-toolchain/bin/../lib/gcc/avr/5.4.0/../../../../avr/lib/avr6\libm.a(fixunssfsi.o)
                0x00005d40                __fixunssfsi
 .text.avr-libc.fplib
                0x00005d98       0x7a c:/program files (x86)/atmel/studio/7.0/toolchain/avr8/avr8-gnu-toolchain/bin/../lib/gcc/avr/5.4.0/../../../../avr/lib/avr6\libm.a(floatsisf.o)
                0x00005d98                __floatunsisf
                0x00005d9c                __floatsisf
 .text.avr-libc.fplib
                0x00005e12        0xc c:/program files (x86)/atmel/studio/7.0/toolchain/avr8/avr8-gnu-toolchain/bin/../lib/gcc/avr/5.4.0/../../../../avr/lib/avr6\libm.a(fp_inf.o)
                0x00005e12                __fp_inf
 .text.avr-libc.fplib
                0x00005e1e        0x6 c:/program files (x86)/atmel/studio/7.0/toolchain/avr8/avr8-gnu-toolchain/bin/../lib/gcc/avr/5.4.0/../../../../avr/lib/avr6\libm.a(fp_nan.o)
                0x00005e1e                __fp_nan
 .text.avr-libc.fplib
                0x00005e24        0xe c:/program files (x86)/atmel/studio/7.0/toolchain/avr8/avr8-gnu-toolchain/bin/../lib/gcc/avr/5.4.0/../../../../avr/lib/avr6\libm.a(fp_pscA.o)
                0x00005e24                __fp_pscA
 .text.avr-libc.fplib
                0x00005e32        0xe c:/program files (x86)/atmel/studio/7.0/toolchain/avr8/avr8-gnu-toolchain/bin/../lib/gcc/avr/5.4.0/../../../../avr/lib/avr6\libm.a(fp_pscB.o)
                0x00005e32                __fp_pscB
 .text.avr-libc.fplib
                0x00005e40       0x22 c:/program files (x86)/atmel/studio/7.0/toolchain/avr8/avr8-gnu-toolchain/bin/../lib/gcc/avr/5.4.0/../../../../avr/lib/avr6\libm.a(fp_round.o)
                0x00005e40                __fp_round
 .text.avr-libc.fplib
                0x00005e62       0x44 c:/program files (x86)/atmel/studio/7.0/toolchain/avr8/avr8-gnu-toolchain/bin/../lib/gcc/avr/5.4.0/../../../../avr/lib/avr6\libm.a(fp_split3.o)
                0x00005e62                __fp_split3
                0x00005e72                __fp_splitA
 .text.avr-libc.fplib
                0x00005ea6        0xe c:/program files (x86)/atmel/studio/7.0/toolchain/avr8/avr8-gnu-toolchain/bin/../lib/gcc/avr/5.4.0/../../../../avr/lib/avr6\libm.a(fp_zero.o)
                0x00005ea6                __fp_zero
                0x00005ea8                __fp_szero
 .text.avr-libc.fplib
                0x00005eb4        0x4 c:/program files (x86)/atmel/studio/7.0/toolchain/avr8/avr8-gnu-toolchain/bin/../lib/gcc/avr/5.4.0/../../../../avr/lib/avr6\libm.a(mulsf3.o)
                0x00005eb4                __mulsf3
 .text.avr-libc.fplib
                0x00005eb8       0xc2 c:/program files (x86)/atmel/studio/7.0/toolchain/avr8/avr8-gnu-toolchain/bin/../lib/gcc/avr/5.4.0/../../../../avr/lib/avr6\libm.a(mulsf3x.o)
                0x00005ecc                __mulsf3x
                0x00005ed0                __mulsf3_pse
 .text.avr-libc
                0x00005f7a      0x712 c:/program files (x86)/atmel/studio/7.0/toolchain/avr8/avr8-gnu-toolchain/bin/../lib/gcc/avr/5.4.0/../../../../avr/lib/avr6\libprintf_flt.a(vfprintf_flt.o)
                0x00005f7a                vfprintf
 .text.libgcc.div
                0x0000668c       0x26 c:/program files (x86)/atmel/studio/7.0/toolchain/avr8/avr8-gnu-toolchain/bin/../lib/gcc/avr/5.4.0/avr6\libgcc.a(_divmodhi4.o)
                0x0000668c                _div
                0x0000668c                __divmodhi4
 .text.libgcc.div
                0x000066b2       0x44 c:/program files (x86)/atmel/studio/7.0/toolchain/avr8/avr8-gnu-toolchain/bin/../lib/gcc/avr/5.4.0/avr6\libgcc.a(_udivmodsi4.o)
                0x000066b2                __udivmodsi4
 .text.libgcc   0x000066f6       0x10 c:/program files (x86)/atmel/studio/7.0/toolchain/avr8/avr8-gnu-toolchain/bin/../lib/gcc/avr/5.4.0/avr6\libgcc.a(_tablejump2.o)
                0x000066f6                __tablejump2__
 .text.libgcc.mul
                0x00006706       0x1e c:/program files (x86)/atmel/studio/7.0/toolchain/avr8/avr8-gnu-toolchain/bin/../lib/gcc/avr/5.4.0/avr6\libgcc.a(_umulhisi3.o)
                0x00006706                __umulhisi3
 .text.libgcc.div
                0x00006724       0x28 c:/program files (x86)/atmel/studio/7.0/toolchain/avr8/avr8-gnu-toolchain/bin/../lib/gcc/avr/5.4.0/avr6\libgcc.a(_udivmodhi4.o)
                0x00006724                __udivmodhi4
 .text.avr-libc
                0x0000674c      0x242 c:/program files (x86)/atmel/studio/7.0/toolchain/avr8/avr8-gnu-toolchain/bin/../lib/gcc/avr/5.4.0/../../../../avr/lib/avr6\libc.a(malloc.o)
                0x0000674c                malloc
                0x0000687c                free
 .text.avr-libc
                0x0000698e        0x8 c:/program files (x86)/atmel/studio/7.0/toolchain/avr8/avr8-gnu-toolchain/bin/../lib/gcc/avr/5.4.0/../../../../avr/lib/avr6\libc.a(abort.o)
                0x0000698e                abort
 .text.avr-libc
                0x00006996      0x1b0 c:/program files (x86)/atmel/studio/7.0/toolchain/avr8/avr8-gnu-toolchain/bin/../lib/gcc/avr/5.4.0/../../../../avr/lib/avr6\libc.a(ftoa_engine.o)
                0x00006996                __ftoa_engine
 .text.avr-libc
                0x00006b46       0x16 c:/program files (x86)/atmel/studio/7.0/toolchain/avr8/avr8-gnu-toolchain/bin/../lib/gcc/avr/5.4.0/../../../../avr/lib/avr6\libc.a(strnlen_P.o)
                0x00006b46                strnlen_P
 .text.avr-libc
                0x00006b5c       0x12 c:/program files (x86)/atmel/studio/7.0/toolchain/avr8/avr8-gnu-toolchain/bin/../lib/gcc/avr/5.4.0/../../../../avr/lib/avr6\libc.a(memcpy.o)
                0x00006b5c                memcpy
 .text.avr-libc
                0x00006b6e        0xe c:/program files (x86)/atmel/studio/7.0/toolchain/avr8/avr8-gnu-toolchain/bin/../lib/gcc/avr/5.4.0/../../../../avr/lib/avr6\libc.a(memset.o)
                0x00006b6e                memset
 .text.avr-libc
                0x00006b7c       0x4a c:/program files (x86)/atmel/studio/7.0/toolchain/avr8/avr8-gnu-toolchain/bin/../lib/gcc/avr/5.4.0/../../../../avr/lib/avr6\libc.a(strcasestr.o)
                0x00006b7c                strcasestr
 .text.avr-libc
                0x00006bc6       0x16 c:/program files (x86)/atmel/studio/7.0/toolchain/avr8/avr8-gnu-toolchain/bin/../lib/gcc/avr/5.4.0/../../../../avr/lib/avr6\libc.a(strcat.o)
                0x00006bc6                strcat
 .text.avr-libc
                0x00006bdc        0xe c:/program files (x86)/atmel/studio/7.0/toolchain/avr8/avr8-gnu-toolchain/bin/../lib/gcc/avr/5.4.0/../../../../avr/lib/avr6\libc.a(strcpy.o)
                0x00006bdc                strcpy
 .text.avr-libc
                0x00006bea       0x30 c:/program files (x86)/atmel/studio/7.0/toolchain/avr8/avr8-gnu-toolchain/bin/../lib/gcc/avr/5.4.0/../../../../avr/lib/avr6\libc.a(strncasecmp.o)
                0x00006bea                strncasecmp
 .text.avr-libc
                0x00006c1a       0x16 c:/program files (x86)/atmel/studio/7.0/toolchain/avr8/avr8-gnu-toolchain/bin/../lib/gcc/avr/5.4.0/../../../../avr/lib/avr6\libc.a(strnlen.o)
                0x00006c1a                strnlen
 .text.avr-libc
                0x00006c30       0x78 c:/program files (x86)/atmel/studio/7.0/toolchain/avr8/avr8-gnu-toolchain/bin/../lib/gcc/avr/5.4.0/../../../../avr/lib/avr6\libc.a(fputc.o)
                0x00006c30                fputc
 .text.avr-libc
                0x00006ca8       0x26 c:/program files (x86)/atmel/studio/7.0/toolchain/avr8/avr8-gnu-toolchain/bin/../lib/gcc/avr/5.4.0/../../../../avr/lib/avr6\libc.a(printf.o)
                0x00006ca8                printf
 .text.avr-libc
                0x00006cce       0x60 c:/program files (x86)/atmel/studio/7.0/toolchain/avr8/avr8-gnu-toolchain/bin/../lib/gcc/avr/5.4.0/../../../../avr/lib/avr6\libc.a(puts.o)
                0x00006cce                puts
 .text.avr-libc
                0x00006d2e       0x5c c:/program files (x86)/atmel/studio/7.0/toolchain/avr8/avr8-gnu-toolchain/bin/../lib/gcc/avr/5.4.0/../../../../avr/lib/avr6\libc.a(sprintf.o)
                0x00006d2e                sprintf
 .text.avr-libc
                0x00006d8a       0xbc c:/program files (x86)/atmel/studio/7.0/toolchain/avr8/avr8-gnu-toolchain/bin/../lib/gcc/avr/5.4.0/../../../../avr/lib/avr6\libc.a(ultoa_invert.o)
                0x00006d8a                __ultoa_invert
                0x00006e46                . = ALIGN (0x2)
 *(.fini9)
 .fini9         0x00006e46        0x0 c:/program files (x86)/atmel/studio/7.0/toolchain/avr8/avr8-gnu-toolchain/bin/../lib/gcc/avr/5.4.0/avr6\libgcc.a(_exit.o)
                0x00006e46                _exit
                0x00006e46                exit
 *(.fini9)
 *(.fini8)
 *(.fini8)
 *(.fini7)
 *(.fini7)
 *(.fini6)
 *(.fini6)
 *(.fini5)
 *(.fini5)
 *(.fini4)
 *(.fini4)
 *(.fini3)
 *(.fini3)
 *(.fini2)
 *(.fini2)
 *(.fini1)
 *(.fini1)
 *(.fini0)
 .fini0         0x00006e46        0x4 c:/program files (x86)/atmel/studio/7.0/toolchain/avr8/avr8-gnu-toolchain/bin/../lib/gcc/avr/5.4.0/avr6\libgcc.a(_exit.o)
 *(.fini0)
                0x00006e4a                _etext = .

.data           0x00800200      0x662 load address 0x00006e4a
                0x00800200                PROVIDE (__data_start, .)
 *(.data)
 .data          0x00800200        0x6 c:/program files (x86)/atmel/studio/7.0/toolchain/avr8/avr8-gnu-toolchain/bin/../lib/gcc/avr/5.4.0/../../../../avr/lib/avr6\libc.a(malloc.o)
                0x00800200                __malloc_heap_end
                0x00800202                __malloc_heap_start
                0x00800204                __malloc_margin
 *(.data*)
 .data.uxTopUsedPriority
                0x00800206        0x1 FreeRTOS/src/tasks.o
                0x00800206                uxTopUsedPriority
 .data._temp    0x00800207        0x2 ../drivers\libIotLibrary.a(hih8120.o)
 .data._hum     0x00800209        0x2 ../drivers\libIotLibrary.a(hih8120.o)
 .data._com_port_2_udr
                0x0080020b        0x8 ../drivers\libIotLibrary.a(serial.o)
                0x0080020b                _com_port_2_udr
 .data.mystdout.1882
                0x00800213        0xe ../drivers\libIotLibrary.a(stdio_driver.o)
 .data._twiCurrentState
                0x00800221        0x1 ../drivers\libIotLibrary.a(twi.o)
 *(.gnu.linkonce.d*)
 *(.rodata)
 .rodata        0x00800222       0x20 ../drivers\libIotLibrary.a(lora_driver.o)
 .rodata        0x00800242       0x2d ../drivers\libIotLibrary.a(mh_z19.o)
 *(.rodata*)
 .rodata.str1.1
                0x0080026f       0x42 Application.o
 .rodata.str1.1
                0x008002b1       0x24 CO2Sensor.o
 .rodata.str1.1
                0x008002d5       0x36 Configuration.o
 .rodata.str1.1
                0x0080030b       0x5a DownLinkHandler.o
 .rodata.str1.1
                0x00800365        0x5 FreeRTOS/src/tasks.o
 .rodata.str1.1
                0x0080036a        0x8 FreeRTOS/src/timers.o
 .rodata.str1.1
                0x00800372        0xb hih8120.o
                                  0xf (size before relaxing)
 .rodata.str1.1
                0x0080037d       0x2c WindowController.o
 .rodata.str1.1
                0x008003a9       0x12 main.o
 .rodata.str1.1
                0x008003bb       0x7b SensorDataPackageHandler.o
 .rodata.str1.1
                0x00800436      0x157 UpLinkHandler.o
 .rodata.str1.1
                0x0080058d      0x295 ../drivers\libIotLibrary.a(lora_driver.o)
                                0x2a5 (size before relaxing)
 .rodata._joinMode
                0x00800822        0x4 ../drivers\libIotLibrary.a(lora_driver.o)
 .rodata._returnCode
                0x00800826       0x33 ../drivers\libIotLibrary.a(lora_driver.o)
                0x00800826                _returnCode
 .rodata.str1.1
                0x00800859        0x8 ../drivers\libIotLibrary.a(status_leds.o)
 *(.gnu.linkonce.r*)
                0x00800862                . = ALIGN (0x2)
 *fill*         0x00800861        0x1 
                0x00800862                _edata = .
                0x00800862                PROVIDE (__data_end, .)

.bss            0x00800862      0xf73
                0x00800862                PROVIDE (__bss_start, .)
 *(.bss)
 *(.bss*)
 .bss._configurationSemaphore
                0x00800862        0x2 Configuration.o
                0x00800862                _configurationSemaphore
 .bss.humDataSetting
                0x00800864        0x1 DownLinkHandler.o
                0x00800864                humDataSetting
 .bss.windowDataSetting
                0x00800865        0x1 DownLinkHandler.o
                0x00800865                windowDataSetting
 .bss._downlink_payload
                0x00800866       0x16 DownLinkHandler.o
 .bss.xBlockAllocatedBit
                0x0080087c        0x2 FreeRTOS/src/heap_4.o
 .bss.xNumberOfSuccessfulFrees
                0x0080087e        0x2 FreeRTOS/src/heap_4.o
 .bss.xNumberOfSuccessfulAllocations
                0x00800880        0x2 FreeRTOS/src/heap_4.o
 .bss.xMinimumEverFreeBytesRemaining
                0x00800882        0x2 FreeRTOS/src/heap_4.o
 .bss.xFreeBytesRemaining
                0x00800884        0x2 FreeRTOS/src/heap_4.o
 .bss.pxEnd     0x00800886        0x2 FreeRTOS/src/heap_4.o
 .bss.xStart    0x00800888        0x4 FreeRTOS/src/heap_4.o
 .bss.ucHeap    0x0080088c      0xc80 FreeRTOS/src/heap_4.o
 .bss.uxSchedulerSuspended
                0x0080150c        0x1 FreeRTOS/src/tasks.o
 .bss.xIdleTaskHandle
                0x0080150d        0x2 FreeRTOS/src/tasks.o
 .bss.xNextTaskUnblockTime
                0x0080150f        0x4 FreeRTOS/src/tasks.o
 .bss.uxTaskNumber
                0x00801513        0x1 FreeRTOS/src/tasks.o
 .bss.xNumOfOverflows
                0x00801514        0x1 FreeRTOS/src/tasks.o
 .bss.xYieldPending
                0x00801515        0x1 FreeRTOS/src/tasks.o
 .bss.xPendedTicks
                0x00801516        0x4 FreeRTOS/src/tasks.o
 .bss.xSchedulerRunning
                0x0080151a        0x1 FreeRTOS/src/tasks.o
 .bss.uxTopReadyPriority
                0x0080151b        0x1 FreeRTOS/src/tasks.o
 .bss.xTickCount
                0x0080151c        0x4 FreeRTOS/src/tasks.o
 .bss.uxCurrentNumberOfTasks
                0x00801520        0x1 FreeRTOS/src/tasks.o
 .bss.xSuspendedTaskList
                0x00801521        0xb FreeRTOS/src/tasks.o
 .bss.uxDeletedTasksWaitingCleanUp
                0x0080152c        0x1 FreeRTOS/src/tasks.o
 .bss.xTasksWaitingTermination
                0x0080152d        0xb FreeRTOS/src/tasks.o
 .bss.xPendingReadyList
                0x00801538        0xb FreeRTOS/src/tasks.o
 .bss.pxOverflowDelayedTaskList
                0x00801543        0x2 FreeRTOS/src/tasks.o
 .bss.pxDelayedTaskList
                0x00801545        0x2 FreeRTOS/src/tasks.o
 .bss.xDelayedTaskList2
                0x00801547        0xb FreeRTOS/src/tasks.o
 .bss.xDelayedTaskList1
                0x00801552        0xb FreeRTOS/src/tasks.o
 .bss.pxReadyTasksLists
                0x0080155d       0x6e FreeRTOS/src/tasks.o
 .bss.pxCurrentTCB
                0x008015cb        0x2 FreeRTOS/src/tasks.o
                0x008015cb                pxCurrentTCB
 .bss.xLastTime.2436
                0x008015cd        0x4 FreeRTOS/src/timers.o
 .bss.xTimerTaskHandle
                0x008015d1        0x2 FreeRTOS/src/timers.o
 .bss.xTimerQueue
                0x008015d3        0x2 FreeRTOS/src/timers.o
 .bss.pxOverflowTimerList
                0x008015d5        0x2 FreeRTOS/src/timers.o
 .bss.pxCurrentTimerList
                0x008015d7        0x2 FreeRTOS/src/timers.o
 .bss.xActiveTimerList2
                0x008015d9        0xb FreeRTOS/src/timers.o
 .bss.xActiveTimerList1
                0x008015e4        0xb FreeRTOS/src/timers.o
 .bss.temperatureIn16
                0x008015ef        0x2 hih8120.o
                0x008015ef                temperatureIn16
 .bss.humidityIn16
                0x008015f1        0x2 hih8120.o
                0x008015f1                humidityIn16
 .bss.semaphore_mutex
                0x008015f3        0x2 WindowController.o
                0x008015f3                semaphore_mutex
 .bss.percent   0x008015f5        0x1 WindowController.o
                0x008015f5                percent
 .bss._uplink_payload
                0x008015f6       0x16 SensorDataPackageHandler.o
 .bss.co2_ppmIn16
                0x0080160c        0x2 SensorDataPackageHandler.o
                0x0080160c                co2_ppmIn16
 .bss.tempIn16  0x0080160e        0x2 SensorDataPackageHandler.o
                0x0080160e                tempIn16
 .bss.humIn16   0x00801610        0x2 SensorDataPackageHandler.o
                0x00801610                humIn16
 .bss._uplink_payload
                0x00801612       0x16 UpLinkHandler.o
 .bss._out_buf  0x00801628       0x64 UpLinkHandler.o
 .bss._measuringIsReady
                0x0080168c        0x1 ../drivers\libIotLibrary.a(hih8120.o)
 .bss._hih8120Handler
                0x0080168d        0x2 ../drivers\libIotLibrary.a(hih8120.o)
 .bss._tmp_buf.2871
                0x0080168f       0x37 ../drivers\libIotLibrary.a(lora_driver.o)
 .bss.rec_buf_inp.2878
                0x008016c6        0x1 ../drivers\libIotLibrary.a(lora_driver.o)
 .bss._downlinkMessageBuffer
                0x008016c7        0x2 ../drivers\libIotLibrary.a(lora_driver.o)
 .bss._serialReplyBufferHandle
                0x008016c9        0x2 ../drivers\libIotLibrary.a(lora_driver.o)
 .bss._rn2483_serial
                0x008016cb        0x2 ../drivers\libIotLibrary.a(lora_driver.o)
 .bss._downlinkPayload
                0x008016cd       0x16 ../drivers\libIotLibrary.a(lora_driver.o)
 .bss._payLoadHexBytes
                0x008016e3       0x15 ../drivers\libIotLibrary.a(lora_driver.o)
 .bss._recMessageBuf
                0x008016f8       0x2d ../drivers\libIotLibrary.a(lora_driver.o)
 .bss._sendMessage
                0x00801725       0x2d ../drivers\libIotLibrary.a(lora_driver.o)
 .bss._replyMess
                0x00801752       0x2d ../drivers\libIotLibrary.a(lora_driver.o)
 .bss.data.1944
                0x0080177f        0x2 ../drivers\libIotLibrary.a(mh_z19.o)
 .bss.inDex.1943
                0x00801781        0x1 ../drivers\libIotLibrary.a(mh_z19.o)
 .bss.crc_sum.1945
                0x00801782        0x1 ../drivers\libIotLibrary.a(mh_z19.o)
 .bss._appCallBack
                0x00801783        0x2 ../drivers\libIotLibrary.a(mh_z19.o)
 .bss._mh_state
                0x00801785        0x1 ../drivers\libIotLibrary.a(mh_z19.o)
                0x00801785                _mh_state
 .bss._ppm      0x00801786        0x2 ../drivers\libIotLibrary.a(mh_z19.o)
 .bss._serial   0x00801788        0x2 ../drivers\libIotLibrary.a(mh_z19.o)
 .bss._ser_handle
                0x0080178a        0x8 ../drivers\libIotLibrary.a(serial.o)
 .bss._com_serial_instance
                0x00801792        0x2 ../drivers\libIotLibrary.a(stdio_driver.o)
 .bss._led_status
                0x00801794       0x18 ../drivers\libIotLibrary.a(status_leds.o)
 .bss._index.1885
                0x008017ac        0x1 ../drivers\libIotLibrary.a(twi.o)
 .bss._twiCurrentHandler
                0x008017ad        0x2 ../drivers\libIotLibrary.a(twi.o)
 .bss._twiMessageLen
                0x008017af        0x1 ../drivers\libIotLibrary.a(twi.o)
 .bss._twiMessageBuffer
                0x008017b0        0xa ../drivers\libIotLibrary.a(twi.o)
 .bss._twiIsInitiated
                0x008017ba        0x1 ../drivers\libIotLibrary.a(twi.o)
 *(COMMON)
 COMMON         0x008017bb        0x2 Application.o
                0x008017bb                xCreatedEventGroup
 COMMON         0x008017bd        0x8 CO2Sensor.o
                0x008017bd                rc
                0x008017be                xLastWakeTime
                0x008017c2                getCO2return
                0x008017c3                CO2ppm
 COMMON         0x008017c5        0x2 Configuration.o
                0x008017c5                humidity_setting
                0x008017c6                windows_settings
 COMMON         0x008017c7        0x2 DownLinkHandler.o
                0x008017c7                _downLinkMessageBufferHandle
 COMMON         0x008017c9        0x2 main.o
                0x008017c9                downLinkMessageBufferHandle
 COMMON         0x008017cb        0x4 c:/program files (x86)/atmel/studio/7.0/toolchain/avr8/avr8-gnu-toolchain/bin/../lib/gcc/avr/5.4.0/../../../../avr/lib/avr6\libc.a(malloc.o)
                0x008017cb                __brkval
                0x008017cd                __flp
 COMMON         0x008017cf        0x6 c:/program files (x86)/atmel/studio/7.0/toolchain/avr8/avr8-gnu-toolchain/bin/../lib/gcc/avr/5.4.0/../../../../avr/lib/avr6\libc.a(iob.o)
                0x008017cf                __iob
                0x008017d5                PROVIDE (__bss_end, .)
                0x00006e4a                __data_load_start = LOADADDR (.data)
                0x000074ac                __data_load_end = (__data_load_start + SIZEOF (.data))

.noinit         0x008017d5        0x0
                [!provide]                PROVIDE (__noinit_start, .)
 *(.noinit*)
                [!provide]                PROVIDE (__noinit_end, .)
                0x008017d5                _end = .
                0x008017d5                PROVIDE (__heap_start, .)

.eeprom         0x00810000        0x0
 *(.eeprom*)
                0x00810000                __eeprom_end = .

.fuse
 *(.fuse)
 *(.lfuse)
 *(.hfuse)
 *(.efuse)

.lock
 *(.lock*)

.signature
 *(.signature*)

.user_signatures
 *(.user_signatures*)

.stab
 *(.stab)

.stabstr
 *(.stabstr)

.stab.excl
 *(.stab.excl)

.stab.exclstr
 *(.stab.exclstr)

.stab.index
 *(.stab.index)

.stab.indexstr
 *(.stab.indexstr)

.comment        0x00000000       0x5c
 *(.comment)
 .comment       0x00000000       0x30 Application.o
                                 0x31 (size before relaxing)
 .comment       0x00000030       0x31 CO2Sensor.o
 .comment       0x00000030       0x31 Configuration.o
 .comment       0x00000030       0x31 DownLinkHandler.o
 .comment       0x00000030       0x31 FreeRTOS/src/event_groups.o
 .comment       0x00000030       0x31 FreeRTOS/src/heap_4.o
 .comment       0x00000030       0x31 FreeRTOS/src/list.o
 .comment       0x00000030       0x31 FreeRTOS/src/port.o
 .comment       0x00000030       0x31 FreeRTOS/src/queue.o
 .comment       0x00000030       0x31 FreeRTOS/src/stream_buffer.o
 .comment       0x00000030       0x31 FreeRTOS/src/tasks.o
 .comment       0x00000030       0x31 FreeRTOS/src/timers.o
 .comment       0x00000030       0x31 FreeRTOS/src/variantHooks.o
 .comment       0x00000030       0x31 hih8120.o
 .comment       0x00000030       0x31 WindowController.o
 .comment       0x00000030       0x31 main.o
 .comment       0x00000030       0x31 SensorDataPackageHandler.o
 .comment       0x00000030       0x31 UpLinkHandler.o
 .comment       0x00000030       0x31 ../drivers\libIotLibrary.a(hih8120.o)
 .comment       0x00000030       0x31 ../drivers\libIotLibrary.a(lora_driver.o)
 .comment       0x00000030       0x31 ../drivers\libIotLibrary.a(lora_driver_utils.o)
 .comment       0x00000030       0x31 ../drivers\libIotLibrary.a(mh_z19.o)
 .comment       0x00000030       0x31 ../drivers\libIotLibrary.a(rc_servo.o)
 .comment       0x00000030       0x31 ../drivers\libIotLibrary.a(serial.o)
 .comment       0x00000030       0x31 ../drivers\libIotLibrary.a(stdio_driver.o)
 .comment       0x00000030       0x31 ../drivers\libIotLibrary.a(status_leds.o)
 .comment       0x00000030       0x31 ../drivers\libIotLibrary.a(twi.o)
 .comment       0x00000030       0x31 ../drivers\libIotLibrary.a(fifo.o)
 .comment       0x00000030       0x2c c:/program files (x86)/atmel/studio/7.0/toolchain/avr8/avr8-gnu-toolchain/bin/../lib/gcc/avr/5.4.0/../../../../avr/lib/avr6\libprintf_flt.a(vfprintf_flt.o)
                                 0x2d (size before relaxing)
 .comment       0x0000005c       0x31 c:/program files (x86)/atmel/studio/7.0/toolchain/avr8/avr8-gnu-toolchain/bin/../lib/gcc/avr/5.4.0/../../../../avr/lib/avr6\libc.a(malloc.o)
 .comment       0x0000005c       0x31 c:/program files (x86)/atmel/studio/7.0/toolchain/avr8/avr8-gnu-toolchain/bin/../lib/gcc/avr/5.4.0/../../../../avr/lib/avr6\libc.a(fputc.o)
 .comment       0x0000005c       0x31 c:/program files (x86)/atmel/studio/7.0/toolchain/avr8/avr8-gnu-toolchain/bin/../lib/gcc/avr/5.4.0/../../../../avr/lib/avr6\libc.a(iob.o)
 .comment       0x0000005c       0x31 c:/program files (x86)/atmel/studio/7.0/toolchain/avr8/avr8-gnu-toolchain/bin/../lib/gcc/avr/5.4.0/../../../../avr/lib/avr6\libc.a(printf.o)
 .comment       0x0000005c       0x31 c:/program files (x86)/atmel/studio/7.0/toolchain/avr8/avr8-gnu-toolchain/bin/../lib/gcc/avr/5.4.0/../../../../avr/lib/avr6\libc.a(puts.o)
 .comment       0x0000005c       0x31 c:/program files (x86)/atmel/studio/7.0/toolchain/avr8/avr8-gnu-toolchain/bin/../lib/gcc/avr/5.4.0/../../../../avr/lib/avr6\libc.a(sprintf.o)

.note.gnu.avr.deviceinfo
                0x00000000       0x40
 .note.gnu.avr.deviceinfo
                0x00000000       0x40 C:/Program Files (x86)/Atmel/Studio/7.0/Packs/atmel/ATmega_DFP/1.6.364/gcc/dev/atmega2560/avr6/crtatmega2560.o

.note.gnu.build-id
 *(.note.gnu.build-id)

.debug
 *(.debug)

.line
 *(.line)

.debug_srcinfo
 *(.debug_srcinfo)

.debug_sfnames
 *(.debug_sfnames)

.debug_aranges  0x00000000      0xbb8
 *(.debug_aranges)
 .debug_aranges
                0x00000000       0x40 Application.o
 .debug_aranges
                0x00000040       0x38 CO2Sensor.o
 .debug_aranges
                0x00000078       0x48 Configuration.o
 .debug_aranges
                0x000000c0       0x28 DownLinkHandler.o
 .debug_aranges
                0x000000e8       0x68 FreeRTOS/src/event_groups.o
 .debug_aranges
                0x00000150       0x58 FreeRTOS/src/heap_4.o
 .debug_aranges
                0x000001a8       0x40 FreeRTOS/src/list.o
 .debug_aranges
                0x000001e8       0x58 FreeRTOS/src/port.o
 .debug_aranges
                0x00000240       0xf8 FreeRTOS/src/queue.o
 .debug_aranges
                0x00000338       0xc0 FreeRTOS/src/stream_buffer.o
 .debug_aranges
                0x000003f8      0x1d0 FreeRTOS/src/tasks.o
 .debug_aranges
                0x000005c8       0xc8 FreeRTOS/src/timers.o
 .debug_aranges
                0x00000690       0x40 FreeRTOS/src/variantHooks.o
 .debug_aranges
                0x000006d0       0x40 hih8120.o
 .debug_aranges
                0x00000710       0x38 WindowController.o
 .debug_aranges
                0x00000748       0x20 main.o
 .debug_aranges
                0x00000768       0x38 SensorDataPackageHandler.o
 .debug_aranges
                0x000007a0       0x30 UpLinkHandler.o
 .debug_aranges
                0x000007d0       0x68 ../drivers\libIotLibrary.a(hih8120.o)
 .debug_aranges
                0x00000838      0x138 ../drivers\libIotLibrary.a(lora_driver.o)
 .debug_aranges
                0x00000970       0x28 ../drivers\libIotLibrary.a(lora_driver_utils.o)
 .debug_aranges
                0x00000998       0x58 ../drivers\libIotLibrary.a(mh_z19.o)
 .debug_aranges
                0x000009f0       0x28 ../drivers\libIotLibrary.a(rc_servo.o)
 .debug_aranges
                0x00000a18       0x90 ../drivers\libIotLibrary.a(serial.o)
 .debug_aranges
                0x00000aa8       0x38 ../drivers\libIotLibrary.a(stdio_driver.o)
 .debug_aranges
                0x00000ae0       0x68 ../drivers\libIotLibrary.a(status_leds.o)
 .debug_aranges
                0x00000b48       0x50 ../drivers\libIotLibrary.a(twi.o)
 .debug_aranges
                0x00000b98       0x20 ../drivers\libIotLibrary.a(fifo.o)

.debug_pubnames
 *(.debug_pubnames)

.debug_info     0x00000000     0xe388
 *(.debug_info .gnu.linkonce.wi.*)
 .debug_info    0x00000000      0xbbc C:/Program Files (x86)/Atmel/Studio/7.0/Packs/atmel/ATmega_DFP/1.6.364/gcc/dev/atmega2560/avr6/crtatmega2560.o
 .debug_info    0x00000bbc      0x420 Application.o
 .debug_info    0x00000fdc      0x3f5 CO2Sensor.o
 .debug_info    0x000013d1      0x1c9 Configuration.o
 .debug_info    0x0000159a      0x43a DownLinkHandler.o
 .debug_info    0x000019d4      0x971 FreeRTOS/src/event_groups.o
 .debug_info    0x00002345      0x4e6 FreeRTOS/src/heap_4.o
 .debug_info    0x0000282b      0x2e7 FreeRTOS/src/list.o
 .debug_info    0x00002b12      0x2ff FreeRTOS/src/port.o
 .debug_info    0x00002e11     0x17e6 FreeRTOS/src/queue.o
 .debug_info    0x000045f7     0x13df FreeRTOS/src/stream_buffer.o
 .debug_info    0x000059d6     0x2239 FreeRTOS/src/tasks.o
 .debug_info    0x00007c0f     0x10dd FreeRTOS/src/timers.o
 .debug_info    0x00008cec      0x20f FreeRTOS/src/variantHooks.o
 .debug_info    0x00008efb      0x424 hih8120.o
 .debug_info    0x0000931f      0x39e WindowController.o
 .debug_info    0x000096bd      0x2c5 main.o
 .debug_info    0x00009982      0x225 SensorDataPackageHandler.o
 .debug_info    0x00009ba7      0x7cc UpLinkHandler.o
 .debug_info    0x0000a373      0x3a9 ../drivers\libIotLibrary.a(hih8120.o)
 .debug_info    0x0000a71c     0x1747 ../drivers\libIotLibrary.a(lora_driver.o)
 .debug_info    0x0000be63      0x143 ../drivers\libIotLibrary.a(lora_driver_utils.o)
 .debug_info    0x0000bfa6      0x556 ../drivers\libIotLibrary.a(mh_z19.o)
 .debug_info    0x0000c4fc      0x10f ../drivers\libIotLibrary.a(rc_servo.o)
 .debug_info    0x0000c60b      0xd9b ../drivers\libIotLibrary.a(serial.o)
 .debug_info    0x0000d3a6      0x3b6 ../drivers\libIotLibrary.a(stdio_driver.o)
 .debug_info    0x0000d75c      0x50c ../drivers\libIotLibrary.a(status_leds.o)
 .debug_info    0x0000dc68      0x55d ../drivers\libIotLibrary.a(twi.o)
 .debug_info    0x0000e1c5      0x1c3 ../drivers\libIotLibrary.a(fifo.o)

.debug_abbrev   0x00000000     0x3b53
 *(.debug_abbrev)
 .debug_abbrev  0x00000000      0xb1a C:/Program Files (x86)/Atmel/Studio/7.0/Packs/atmel/ATmega_DFP/1.6.364/gcc/dev/atmega2560/avr6/crtatmega2560.o
 .debug_abbrev  0x00000b1a      0x184 Application.o
 .debug_abbrev  0x00000c9e      0x1c3 CO2Sensor.o
 .debug_abbrev  0x00000e61       0xe9 Configuration.o
 .debug_abbrev  0x00000f4a      0x186 DownLinkHandler.o
 .debug_abbrev  0x000010d0      0x1dc FreeRTOS/src/event_groups.o
 .debug_abbrev  0x000012ac      0x200 FreeRTOS/src/heap_4.o
 .debug_abbrev  0x000014ac       0xff FreeRTOS/src/list.o
 .debug_abbrev  0x000015ab      0x179 FreeRTOS/src/port.o
 .debug_abbrev  0x00001724      0x241 FreeRTOS/src/queue.o
 .debug_abbrev  0x00001965      0x246 FreeRTOS/src/stream_buffer.o
 .debug_abbrev  0x00001bab      0x2c8 FreeRTOS/src/tasks.o
 .debug_abbrev  0x00001e73      0x28c FreeRTOS/src/timers.o
 .debug_abbrev  0x000020ff       0xff FreeRTOS/src/variantHooks.o
 .debug_abbrev  0x000021fe      0x1b6 hih8120.o
 .debug_abbrev  0x000023b4      0x145 WindowController.o
 .debug_abbrev  0x000024f9       0xe5 main.o
 .debug_abbrev  0x000025de      0x135 SensorDataPackageHandler.o
 .debug_abbrev  0x00002713      0x1ef UpLinkHandler.o
 .debug_abbrev  0x00002902      0x184 ../drivers\libIotLibrary.a(hih8120.o)
 .debug_abbrev  0x00002a86      0x33b ../drivers\libIotLibrary.a(lora_driver.o)
 .debug_abbrev  0x00002dc1       0xc0 ../drivers\libIotLibrary.a(lora_driver_utils.o)
 .debug_abbrev  0x00002e81      0x238 ../drivers\libIotLibrary.a(mh_z19.o)
 .debug_abbrev  0x000030b9       0xbc ../drivers\libIotLibrary.a(rc_servo.o)
 .debug_abbrev  0x00003175      0x355 ../drivers\libIotLibrary.a(serial.o)
 .debug_abbrev  0x000034ca      0x1b3 ../drivers\libIotLibrary.a(stdio_driver.o)
 .debug_abbrev  0x0000367d      0x1d7 ../drivers\libIotLibrary.a(status_leds.o)
 .debug_abbrev  0x00003854      0x217 ../drivers\libIotLibrary.a(twi.o)
 .debug_abbrev  0x00003a6b       0xe8 ../drivers\libIotLibrary.a(fifo.o)

.debug_line     0x00000000     0x70c6
 *(.debug_line .debug_line.* .debug_line_end)
 .debug_line    0x00000000      0x1fa C:/Program Files (x86)/Atmel/Studio/7.0/Packs/atmel/ATmega_DFP/1.6.364/gcc/dev/atmega2560/avr6/crtatmega2560.o
 .debug_line    0x000001fa      0x1d6 Application.o
 .debug_line    0x000003d0      0x1a6 CO2Sensor.o
 .debug_line    0x00000576      0x180 Configuration.o
 .debug_line    0x000006f6      0x1dc DownLinkHandler.o
 .debug_line    0x000008d2      0x413 FreeRTOS/src/event_groups.o
 .debug_line    0x00000ce5      0x41f FreeRTOS/src/heap_4.o
 .debug_line    0x00001104      0x1db FreeRTOS/src/list.o
 .debug_line    0x000012df      0x28a FreeRTOS/src/port.o
 .debug_line    0x00001569      0xbe3 FreeRTOS/src/queue.o
 .debug_line    0x0000214c      0x79a FreeRTOS/src/stream_buffer.o
 .debug_line    0x000028e6     0x15ba FreeRTOS/src/tasks.o
 .debug_line    0x00003ea0      0x624 FreeRTOS/src/timers.o
 .debug_line    0x000044c4      0x1af FreeRTOS/src/variantHooks.o
 .debug_line    0x00004673      0x1c4 hih8120.o
 .debug_line    0x00004837      0x1b5 WindowController.o
 .debug_line    0x000049ec      0x247 main.o
 .debug_line    0x00004c33      0x17a SensorDataPackageHandler.o
 .debug_line    0x00004dad      0x24e UpLinkHandler.o
 .debug_line    0x00004ffb      0x24a ../drivers\libIotLibrary.a(hih8120.o)
 .debug_line    0x00005245      0x9aa ../drivers\libIotLibrary.a(lora_driver.o)
 .debug_line    0x00005bef      0x195 ../drivers\libIotLibrary.a(lora_driver_utils.o)
 .debug_line    0x00005d84      0x2fc ../drivers\libIotLibrary.a(mh_z19.o)
 .debug_line    0x00006080       0xfd ../drivers\libIotLibrary.a(rc_servo.o)
 .debug_line    0x0000617d      0x6a0 ../drivers\libIotLibrary.a(serial.o)
 .debug_line    0x0000681d      0x146 ../drivers\libIotLibrary.a(stdio_driver.o)
 .debug_line    0x00006963      0x32c ../drivers\libIotLibrary.a(status_leds.o)
 .debug_line    0x00006c8f      0x31c ../drivers\libIotLibrary.a(twi.o)
 .debug_line    0x00006fab      0x11b ../drivers\libIotLibrary.a(fifo.o)

.debug_frame    0x00000000     0x2910
 *(.debug_frame)
 .debug_frame   0x00000000       0xa8 Application.o
 .debug_frame   0x000000a8       0x70 CO2Sensor.o
 .debug_frame   0x00000118       0x9c Configuration.o
 .debug_frame   0x000001b4       0x5c DownLinkHandler.o
 .debug_frame   0x00000210      0x1dc FreeRTOS/src/event_groups.o
 .debug_frame   0x000003ec       0xfc FreeRTOS/src/heap_4.o
 .debug_frame   0x000004e8       0x90 FreeRTOS/src/list.o
 .debug_frame   0x00000578       0x94 FreeRTOS/src/port.o
 .debug_frame   0x0000060c      0x3a4 FreeRTOS/src/queue.o
 .debug_frame   0x000009b0      0x40c FreeRTOS/src/stream_buffer.o
 .debug_frame   0x00000dbc      0x7a0 FreeRTOS/src/tasks.o
 .debug_frame   0x0000155c      0x3ac FreeRTOS/src/timers.o
 .debug_frame   0x00001908       0x64 FreeRTOS/src/variantHooks.o
 .debug_frame   0x0000196c       0x84 hih8120.o
 .debug_frame   0x000019f0       0x74 WindowController.o
 .debug_frame   0x00001a64       0x24 main.o
 .debug_frame   0x00001a88       0x88 SensorDataPackageHandler.o
 .debug_frame   0x00001b10      0x110 UpLinkHandler.o
 .debug_frame   0x00001c20       0xc0 ../drivers\libIotLibrary.a(hih8120.o)
 .debug_frame   0x00001ce0      0x460 ../drivers\libIotLibrary.a(lora_driver.o)
 .debug_frame   0x00002140       0x48 ../drivers\libIotLibrary.a(lora_driver_utils.o)
 .debug_frame   0x00002188      0x100 ../drivers\libIotLibrary.a(mh_z19.o)
 .debug_frame   0x00002288       0x34 ../drivers\libIotLibrary.a(rc_servo.o)
 .debug_frame   0x000022bc      0x384 ../drivers\libIotLibrary.a(serial.o)
 .debug_frame   0x00002640       0x94 ../drivers\libIotLibrary.a(stdio_driver.o)
 .debug_frame   0x000026d4       0xec ../drivers\libIotLibrary.a(status_leds.o)
 .debug_frame   0x000027c0      0x12c ../drivers\libIotLibrary.a(twi.o)
 .debug_frame   0x000028ec       0x24 ../drivers\libIotLibrary.a(fifo.o)

.debug_str      0x00000000     0x4619
 *(.debug_str)
 .debug_str     0x00000000      0x3e6 C:/Program Files (x86)/Atmel/Studio/7.0/Packs/atmel/ATmega_DFP/1.6.364/gcc/dev/atmega2560/avr6/crtatmega2560.o
 .debug_str     0x000003e6      0x3c1 Application.o
                                0x41e (size before relaxing)
 .debug_str     0x000007a7      0x17c CO2Sensor.o
                                0x3c9 (size before relaxing)
 .debug_str     0x00000923      0x129 Configuration.o
                                0x29e (size before relaxing)
 .debug_str     0x00000a4c      0x1cb DownLinkHandler.o
                                0x444 (size before relaxing)
 .debug_str     0x00000c17      0x33c FreeRTOS/src/event_groups.o
                                0x595 (size before relaxing)
 .debug_str     0x00000f53      0x2ce FreeRTOS/src/heap_4.o
                                0x48b (size before relaxing)
 .debug_str     0x00001221       0x89 FreeRTOS/src/list.o
                                0x2c7 (size before relaxing)
 .debug_str     0x000012aa      0x147 FreeRTOS/src/port.o
                                0x2fc (size before relaxing)
 .debug_str     0x000013f1      0x601 FreeRTOS/src/queue.o
                                0x93b (size before relaxing)
 .debug_str     0x000019f2      0x4b1 FreeRTOS/src/stream_buffer.o
                                0x7c4 (size before relaxing)
 .debug_str     0x00001ea3      0x88f FreeRTOS/src/tasks.o
                                0xf5c (size before relaxing)
 .debug_str     0x00002732      0x414 FreeRTOS/src/timers.o
                                0x832 (size before relaxing)
 .debug_str     0x00002b46       0x81 FreeRTOS/src/variantHooks.o
                                0x273 (size before relaxing)
 .debug_str     0x00002bc7      0x179 hih8120.o
                                0x420 (size before relaxing)
 .debug_str     0x00002d40       0xc1 WindowController.o
                                0x312 (size before relaxing)
 .debug_str     0x00002e01       0xc8 main.o
                                0x359 (size before relaxing)
 .debug_str     0x00002ec9       0x8a SensorDataPackageHandler.o
                                0x2c2 (size before relaxing)
 .debug_str     0x00002f53      0x418 UpLinkHandler.o
                                0x6e5 (size before relaxing)
 .debug_str     0x0000336b      0x2f4 ../drivers\libIotLibrary.a(hih8120.o)
                                0x45c (size before relaxing)
 .debug_str     0x0000365f      0x68f ../drivers\libIotLibrary.a(lora_driver.o)
                                0xcdb (size before relaxing)
 .debug_str     0x00003cee       0x4f ../drivers\libIotLibrary.a(lora_driver_utils.o)
                                0x206 (size before relaxing)
 .debug_str     0x00003d3d      0x106 ../drivers\libIotLibrary.a(mh_z19.o)
                                0x489 (size before relaxing)
 .debug_str     0x00003e43       0x34 ../drivers\libIotLibrary.a(rc_servo.o)
                                0x1e2 (size before relaxing)
 .debug_str     0x00003e77      0x2e7 ../drivers\libIotLibrary.a(serial.o)
                                0x628 (size before relaxing)
 .debug_str     0x0000415e       0xa6 ../drivers\libIotLibrary.a(stdio_driver.o)
                                0x37d (size before relaxing)
 .debug_str     0x00004204      0x104 ../drivers\libIotLibrary.a(status_leds.o)
                                0x36d (size before relaxing)
 .debug_str     0x00004308      0x2ef ../drivers\libIotLibrary.a(twi.o)
                                0x5b4 (size before relaxing)
 .debug_str     0x000045f7       0x22 ../drivers\libIotLibrary.a(fifo.o)
                                0x239 (size before relaxing)

.debug_loc      0x00000000     0xc8e2
 *(.debug_loc)
 .debug_loc     0x00000000      0x1c0 Application.o
 .debug_loc     0x000001c0      0x116 CO2Sensor.o
 .debug_loc     0x000002d6      0x11e Configuration.o
 .debug_loc     0x000003f4      0x15b DownLinkHandler.o
 .debug_loc     0x0000054f      0xcc9 FreeRTOS/src/event_groups.o
 .debug_loc     0x00001218      0x4be FreeRTOS/src/heap_4.o
 .debug_loc     0x000016d6      0x17d FreeRTOS/src/list.o
 .debug_loc     0x00001853       0xf6 FreeRTOS/src/port.o
 .debug_loc     0x00001949     0x1abd FreeRTOS/src/queue.o
 .debug_loc     0x00003406     0x1daf FreeRTOS/src/stream_buffer.o
 .debug_loc     0x000051b5     0x2a07 FreeRTOS/src/tasks.o
 .debug_loc     0x00007bbc     0x10f3 FreeRTOS/src/timers.o
 .debug_loc     0x00008caf       0xdc FreeRTOS/src/variantHooks.o
 .debug_loc     0x00008d8b      0x11b hih8120.o
 .debug_loc     0x00008ea6       0xf8 WindowController.o
 .debug_loc     0x00008f9e       0xd8 SensorDataPackageHandler.o
 .debug_loc     0x00009076      0x3fd UpLinkHandler.o
 .debug_loc     0x00009473       0x9f ../drivers\libIotLibrary.a(hih8120.o)
 .debug_loc     0x00009512     0x1216 ../drivers\libIotLibrary.a(lora_driver.o)
 .debug_loc     0x0000a728      0x1d2 ../drivers\libIotLibrary.a(lora_driver_utils.o)
 .debug_loc     0x0000a8fa      0x37c ../drivers\libIotLibrary.a(mh_z19.o)
 .debug_loc     0x0000ac76       0x2f ../drivers\libIotLibrary.a(rc_servo.o)
 .debug_loc     0x0000aca5     0x114c ../drivers\libIotLibrary.a(serial.o)
 .debug_loc     0x0000bdf1      0x18c ../drivers\libIotLibrary.a(stdio_driver.o)
 .debug_loc     0x0000bf7d      0x292 ../drivers\libIotLibrary.a(status_leds.o)
 .debug_loc     0x0000c20f      0x575 ../drivers\libIotLibrary.a(twi.o)
 .debug_loc     0x0000c784      0x15e ../drivers\libIotLibrary.a(fifo.o)

.debug_macinfo
 *(.debug_macinfo)

.debug_weaknames
 *(.debug_weaknames)

.debug_funcnames
 *(.debug_funcnames)

.debug_typenames
 *(.debug_typenames)

.debug_varnames
 *(.debug_varnames)

.debug_pubtypes
 *(.debug_pubtypes)

.debug_ranges   0x00000000      0xac8
 *(.debug_ranges)
 .debug_ranges  0x00000000       0x30 Application.o
 .debug_ranges  0x00000030       0x28 CO2Sensor.o
 .debug_ranges  0x00000058       0x38 Configuration.o
 .debug_ranges  0x00000090       0x18 DownLinkHandler.o
 .debug_ranges  0x000000a8       0x70 FreeRTOS/src/event_groups.o
 .debug_ranges  0x00000118       0x48 FreeRTOS/src/heap_4.o
 .debug_ranges  0x00000160       0x30 FreeRTOS/src/list.o
 .debug_ranges  0x00000190       0x48 FreeRTOS/src/port.o
 .debug_ranges  0x000001d8      0x130 FreeRTOS/src/queue.o
 .debug_ranges  0x00000308       0xb0 FreeRTOS/src/stream_buffer.o
 .debug_ranges  0x000003b8      0x200 FreeRTOS/src/tasks.o
 .debug_ranges  0x000005b8       0xb8 FreeRTOS/src/timers.o
 .debug_ranges  0x00000670       0x30 FreeRTOS/src/variantHooks.o
 .debug_ranges  0x000006a0       0x30 hih8120.o
 .debug_ranges  0x000006d0       0x28 WindowController.o
 .debug_ranges  0x000006f8       0x10 main.o
 .debug_ranges  0x00000708       0x28 SensorDataPackageHandler.o
 .debug_ranges  0x00000730       0x20 UpLinkHandler.o
 .debug_ranges  0x00000750       0x58 ../drivers\libIotLibrary.a(hih8120.o)
 .debug_ranges  0x000007a8      0x128 ../drivers\libIotLibrary.a(lora_driver.o)
 .debug_ranges  0x000008d0       0x30 ../drivers\libIotLibrary.a(lora_driver_utils.o)
 .debug_ranges  0x00000900       0x48 ../drivers\libIotLibrary.a(mh_z19.o)
 .debug_ranges  0x00000948       0x18 ../drivers\libIotLibrary.a(rc_servo.o)
 .debug_ranges  0x00000960       0x98 ../drivers\libIotLibrary.a(serial.o)
 .debug_ranges  0x000009f8       0x28 ../drivers\libIotLibrary.a(stdio_driver.o)
 .debug_ranges  0x00000a20       0x58 ../drivers\libIotLibrary.a(status_leds.o)
 .debug_ranges  0x00000a78       0x40 ../drivers\libIotLibrary.a(twi.o)
 .debug_ranges  0x00000ab8       0x10 ../drivers\libIotLibrary.a(fifo.o)

.debug_macro
 *(.debug_macro)
OUTPUT(4.Semester.elf elf32-avr)
LOAD linker stubs
